   Compiling proc-macro2 v1.0.107
   Compiling unicode-ident v1.0.24
   Compiling quote v1.0.47
   Compiling syn v3.0.3
   Compiling libc v0.2.189
   Compiling serde_core v1.0.229
    Checking cfg-if v1.0.4
    Checking allocator-api2 v0.2.21
    Checking equivalent v1.0.2
    Checking foldhash v0.2.0
    Checking hashbrown v0.17.1
    Checking itoa v1.0.18
   Compiling serde v1.0.229
   Compiling serde_derive v1.0.229
   Compiling syn v2.0.119
   Compiling shlex v2.0.1
   Compiling find-msvc-tools v0.1.11
   Compiling zmij v1.0.23
   Compiling cc v1.4.4
    Checking memchr v2.8.3
   Compiling thiserror v2.0.21
    Checking indexmap v2.14.0
   Compiling thiserror-impl v2.0.21
   Compiling ident_case v1.0.1
   Compiling strsim v0.11.1
   Compiling darling_core v0.24.1
   Compiling rustversion v1.0.23
    Checking log v0.4.34
   Compiling serde_json v1.0.151
   Compiling autocfg v1.5.1
   Compiling heck v0.5.0
   Compiling num-traits v0.2.19
   Compiling darling_macro v0.24.1
   Compiling ring v0.17.14
    Checking errno v0.3.14
    Checking bitflags v2.13.2
    Checking pin-project-lite v0.2.17
    Checking typenum v1.20.1
    Checking hybrid-array v0.4.14
    Checking signal-hook-registry v1.4.8
   Compiling darling v0.24.1
   Compiling parking_lot_core v0.9.12
    Checking bytes v1.12.1
   Compiling unicode-segmentation v1.13.3
   Compiling getrandom v0.4.3
    Checking futures-sink v0.3.34
    Checking futures-core v0.3.34
   Compiling signal-hook v0.3.18
    Checking either v1.18.0
   Compiling ref-cast v1.0.27
    Checking itertools v0.14.0
   Compiling convert_case v0.10.0
    Checking castaway v0.2.4
   Compiling strum_macros v0.28.0
    Checking hashbrown v0.16.1
   Compiling ref-cast-impl v1.0.27
   Compiling serde_derive_internals v0.30.0
    Checking static_assertions v1.1.0
    Checking unicode-width v0.2.0
    Checking ryu v1.0.23
    Checking once_cell v1.21.4
    Checking scopeguard v1.2.0
    Checking zeroize v1.9.0
    Checking smallvec v1.15.2
   Compiling rustix v1.1.5
    Checking rustls-pki-types v1.15.1
    Checking lock_api v0.4.14
    Checking unicode-truncate v2.0.1
    Checking compact_str v0.9.1
   Compiling schemars_derive v1.2.2
    Checking kasuari v0.4.12
    Checking strum v0.28.0
    Checking chrono v0.4.45
   Compiling derive_more-impl v2.1.1
    Checking futures-channel v0.3.34
    Checking crypto-common v0.2.2
    Checking block-buffer v0.12.1
    Checking mio v1.2.3
    Checking serde_spanned v0.6.9
    Checking toml_datetime v0.6.11
    Checking lru v0.18.5
    Checking getrandom v0.2.17
   Compiling futures-macro v0.3.34
    Checking cpufeatures v0.3.0
    Checking linux-raw-sys v0.12.1
    Checking futures-io v0.3.34
    Checking winnow v0.7.15
   Compiling indoc v2.0.7
    Checking const-oid v0.10.2
   Compiling httparse v1.10.1
   Compiling litrs v1.0.0
    Checking winnow v1.0.4
    Checking slab v0.4.12
    Checking untrusted v0.9.0
    Checking utf8parse v0.2.2
    Checking dyn-clone v1.0.20
    Checking futures-task v0.3.34
    Checking futures-util v0.3.34
    Checking schemars v1.2.2
    Checking anstyle-parse v1.0.0
    Checking toml_parser v1.1.3+spec-1.1.0
   Compiling document-features v0.2.12
    Checking digest v0.11.3
   Compiling instability v0.3.14
    Checking toml_edit v0.22.27
    Checking ratatui-core v0.1.2
    Checking signal-hook-mio v0.2.5
    Checking uuid v1.26.1
    Checking derive_more v2.1.1
    Checking parking_lot v0.12.5
    Checking toml_datetime v1.1.1+spec-1.1.0
    Checking serde_spanned v1.1.1
   Compiling tokio-macros v2.7.2
    Checking anstyle-query v1.1.5
    Checking colorchoice v1.0.5
   Compiling rustls v0.23.45
    Checking toml_writer v1.1.2+spec-1.1.0
    Checking is_terminal_polyfill v1.70.2
    Checking ryu-js v0.2.2
    Checking anstyle v1.0.14
    Checking anstream v1.0.0
    Checking serde_jcs v0.2.0
    Checking toml v1.1.6+spec-1.1.0
    Checking tokio v1.53.1
    Checking crossterm v0.29.0
    Checking toml v0.8.23
    Checking sha2 v0.11.0
    Checking rustls-webpki v0.103.15
    Checking futures-executor v0.3.34
    Checking tracing-core v0.1.36
    Checking http v1.5.0
    Checking line-clipping v0.3.8
   Compiling blake3 v1.8.6
   Compiling tracing-attributes v0.1.31
   Compiling rmcp v3.5.0
    Checking subtle v2.6.1
    Checking clap_lex v1.1.0
    Checking base64 v0.23.1
   Compiling camino v1.2.6
   Compiling signal-hook v0.4.4
    Checking ureq-proto v0.6.4
    Checking clap_builder v4.6.7
    Checking tracing v0.1.44
    Checking ratatui-widgets v0.3.2
    Checking futures v0.3.34
    Checking openwarrant-core v1.0.0 (/mnt/4tb/tmp/openwarrant-native-input-retention/crates/openwarrant-core)
    Checking ratatui-crossterm v0.1.2
    Checking tokio-util v0.7.19
   Compiling rmcp-macros v3.5.0
    Checking webpki-roots v1.0.9
   Compiling clap_derive v4.6.7
    Checking utf8-zero v0.8.1
   Compiling openwarrant-cli v1.0.0-alpha.3 (/mnt/4tb/tmp/openwarrant-native-input-retention/crates/openwarrant-cli)
    Checking arrayvec v0.7.8
   Compiling pastey v0.2.3
    Checking arrayref v0.3.9
    Checking constant_time_eq v0.4.2
    Checking percent-encoding v2.3.2
    Checking ureq v3.4.2
    Checking clap v4.6.7
    Checking ratatui v0.30.2
    Checking openwarrant-compiler v1.0.0 (/mnt/4tb/tmp/openwarrant-native-input-retention/crates/openwarrant-compiler)
    Checking qrcodegen v1.8.0
    Finished `dev` profile [unoptimized + debuginfo] target(s) in 1m 07s
