   Compiling openwarrant-cli v1.0.0-alpha.3 (/mnt/4tb/tmp/openwarrant-native-input-retention/crates/openwarrant-cli)
error[E0277]: the trait bound `openwarrant_core::document::runtime::RuntimeBinding: serde::Deserialize<'de>` is not satisfied
    --> crates/openwarrant-cli/src/preservation/native_inputs.rs:62:14
     |
  62 |     binding: RuntimeBinding,
     |              ^^^^^^^^^^^^^^ the trait `acceptance::_::_serde::Deserialize<'_>` is not implemented for `openwarrant_core::document::runtime::RuntimeBinding`
     |
     = note: for local types consider adding `#[derive(serde::Deserialize)]` to your `openwarrant_core::document::runtime::RuntimeBinding` type
     = note: for types from other crates check whether the crate offers a `serde` feature flag
     = help: the following other types implement trait `acceptance::_::_serde::Deserialize<'de>`:
               &'a [u8]
               &'a std::path::Path
               &'a str
               ()
               (T,)
               (T0, T1)
               (T0, T1, T2)
               (T0, T1, T2, T3)
             and 946 others
note: required by a bound in `next_element`
    --> /home/brianklam/.cargo/registry/src/index.crates.io-1949cf8c6b5b557f/serde_core-1.0.229/src/de/mod.rs:1771:12
     |
1769 |     fn next_element<T>(&mut self) -> Result<Option<T>, Self::Error>
     |        ------------ required by a bound in this associated function
1770 |     where
1771 |         T: Deserialize<'de>,
     |            ^^^^^^^^^^^^^^^^ required by this bound in `SeqAccess::next_element`
     = note: the full name for the type has been written to '/mnt/4tb/build/cargo/1b/51b162b9907432/debug/deps/openwarrant_cli-0a72a750e7abc11b.long-type-14801265686197143460.txt'
     = note: consider using `--verbose` to print the full type name to the console

error[E0277]: the trait bound `openwarrant_core::document::runtime::RuntimeBinding: serde::Deserialize<'de>` is not satisfied
    --> crates/openwarrant-cli/src/preservation/native_inputs.rs:62:14
     |
  62 |     binding: RuntimeBinding,
     |              ^^^^^^^^^^^^^^ the trait `acceptance::_::_serde::Deserialize<'_>` is not implemented for `openwarrant_core::document::runtime::RuntimeBinding`
     |
     = note: for local types consider adding `#[derive(serde::Deserialize)]` to your `openwarrant_core::document::runtime::RuntimeBinding` type
     = note: for types from other crates check whether the crate offers a `serde` feature flag
     = help: the following other types implement trait `acceptance::_::_serde::Deserialize<'de>`:
               &'a [u8]
               &'a std::path::Path
               &'a str
               ()
               (T,)
               (T0, T1)
               (T0, T1, T2)
               (T0, T1, T2, T3)
             and 946 others
note: required by a bound in `next_value`
    --> /home/brianklam/.cargo/registry/src/index.crates.io-1949cf8c6b5b557f/serde_core-1.0.229/src/de/mod.rs:1916:12
     |
1914 |     fn next_value<V>(&mut self) -> Result<V, Self::Error>
     |        ---------- required by a bound in this associated function
1915 |     where
1916 |         V: Deserialize<'de>,
     |            ^^^^^^^^^^^^^^^^ required by this bound in `MapAccess::next_value`
     = note: the full name for the type has been written to '/mnt/4tb/build/cargo/1b/51b162b9907432/debug/deps/openwarrant_cli-0a72a750e7abc11b.long-type-14801265686197143460.txt'
     = note: consider using `--verbose` to print the full type name to the console

error[E0277]: the trait bound `openwarrant_core::document::runtime::RuntimeBinding: serde::Deserialize<'de>` is not satisfied
  --> crates/openwarrant-cli/src/preservation/native_inputs.rs:58:10
   |
58 | #[derive(Deserialize)]
   |          ^^^^^^^^^^^ the trait `acceptance::_::_serde::Deserialize<'_>` is not implemented for `openwarrant_core::document::runtime::RuntimeBinding`
   |
   = note: for local types consider adding `#[derive(serde::Deserialize)]` to your `openwarrant_core::document::runtime::RuntimeBinding` type
   = note: for types from other crates check whether the crate offers a `serde` feature flag
   = help: the following other types implement trait `acceptance::_::_serde::Deserialize<'de>`:
             &'a [u8]
             &'a std::path::Path
             &'a str
             ()
             (T,)
             (T0, T1)
             (T0, T1, T2)
             (T0, T1, T2, T3)
           and 946 others
note: required by a bound in `acceptance::_::_serde::__private229::de::missing_field`
  --> /home/brianklam/.cargo/registry/src/index.crates.io-1949cf8c6b5b557f/serde-1.0.229/src/private/de.rs:26:8
   |
24 | pub fn missing_field<'de, V, E>(field: &'static str) -> Result<V, E>
   |        ------------- required by a bound in this function
25 | where
26 |     V: Deserialize<'de>,
   |        ^^^^^^^^^^^^^^^^ required by this bound in `missing_field`
   = note: the full name for the type has been written to '/mnt/4tb/build/cargo/1b/51b162b9907432/debug/deps/openwarrant_cli-0a72a750e7abc11b.long-type-14801265686197143460.txt'
   = note: consider using `--verbose` to print the full type name to the console
   = note: this error originates in the derive macro `Deserialize` (in Nightly builds, run with -Z macro-backtrace for more info)

error[E0277]: the trait bound `openwarrant_core::document::runtime::RuntimeBinding: serde::de::DeserializeOwned` is not satisfied
   --> crates/openwarrant-cli/src/preservation/native_inputs.rs:200:44
    |
200 |     let supplied_binding: RuntimeBinding = decode(&bytes["binding"])?;
    |                                            ^^^^^^^^^^^^^^^^^^^^^^^^^ the trait `for<'de> acceptance::_::_serde::Deserialize<'de>` is not implemented for `openwarrant_core::document::runtime::RuntimeBinding`
    |
    = help: the following other types implement trait `acceptance::_::_serde::Deserialize<'de>`:
              &'a [u8]
              &'a std::path::Path
              &'a str
              ()
              (T,)
              (T0, T1)
              (T0, T1, T2)
              (T0, T1, T2, T3)
            and 946 others
    = note: required for `openwarrant_core::document::runtime::RuntimeBinding` to implement `DeserializeOwned`
note: required by a bound in `native_inputs::decode`
   --> crates/openwarrant-cli/src/preservation/native_inputs.rs:74:14
    |
 74 | fn decode<T: serde::de::DeserializeOwned>(bytes: &[u8]) -> Result<T, Error> {
    |              ^^^^^^^^^^^^^^^^^^^^^^^^^^^ required by this bound in `decode`
    = note: the full name for the type has been written to '/mnt/4tb/build/cargo/1b/51b162b9907432/debug/deps/openwarrant_cli-0a72a750e7abc11b.long-type-14801265686197143460.txt'
    = note: consider using `--verbose` to print the full type name to the console

error[E0277]: the trait bound `openwarrant_core::document::runtime::RuntimeBinding: serde::Serialize` is not satisfied
   --> crates/openwarrant-cli/src/preservation/native_inputs.rs:206:30
    |
206 |         || native_binding != json!({"dispatch":payload.binding,"run_id":payload.run_id})
    |                              ^^^^^^^^^^^^^^^^^^^^^^^^^^^^^^^^^^^^^^^^^^^^^^^^^^^^^^^^^^^
    |                              |
    |                              the trait `acceptance::_::_serde::Serialize` is not implemented for `openwarrant_core::document::runtime::RuntimeBinding`
    |                              required by a bound introduced by this call
    |
    = note: for local types consider adding `#[derive(serde::Serialize)]` to your `openwarrant_core::document::runtime::RuntimeBinding` type
    = note: for types from other crates check whether the crate offers a `serde` feature flag
    = help: the following other types implement trait `acceptance::_::_serde::Serialize`:
              &'a T
              &'a mut T
              ()
              (T,)
              (T0, T1)
              (T0, T1, T2)
              (T0, T1, T2, T3)
              (T0, T1, T2, T3, T4)
            and 1045 others
    = note: required for `&openwarrant_core::document::runtime::RuntimeBinding` to implement `acceptance::_::_serde::Serialize`
note: required by a bound in `to_value`
   --> /home/brianklam/.cargo/registry/src/index.crates.io-1949cf8c6b5b557f/serde_json-1.0.151/src/value/mod.rs:997:8
    |
995 | pub fn to_value<T>(value: T) -> Result<Value, Error>
    |        -------- required by a bound in this function
996 | where
997 |     T: Serialize,
    |        ^^^^^^^^^ required by this bound in `to_value`
    = note: this error originates in the macro `$crate::json_internal` which comes from the expansion of the macro `json` (in Nightly builds, run with -Z macro-backtrace for more info)

error[E0277]: the trait bound `camino::Utf8PathBuf: serde::Serialize` is not satisfied
   --> crates/openwarrant-cli/src/preservation/native_inputs.rs:315:9
    |
315 | ...   json!({"retained":true,"manifest":relative.join(name),"capture_digest":manifest.capture_digest,"native_authentication_established":false,"authority_activated":false,"assurance_granted":false}),
    |       ^^^^^^^^^^^^^^^^^^^^^^^^^^^^^^^^^^^^^^^^^^^^^^^^^^^^^^^^^^^^^^^^^^^^^^^^^^^^^^^^^^^^^^^^^^^^^^^^^^^^^^^^^^^^^^^^^^^^^^^^^^^^^^^^^^^^^^^^^^^^^^^^^^^^^^^^^^^^^^^^^^^^^^^^^^^^^^^^^^^^^^^^^^^^^^^^
    |       |
    |       the trait `acceptance::_::_serde::Serialize` is not implemented for `camino::Utf8PathBuf`
    |       required by a bound introduced by this call
    |
    = note: for local types consider adding `#[derive(serde::Serialize)]` to your `camino::Utf8PathBuf` type
    = note: for types from other crates check whether the crate offers a `serde` feature flag
    = help: the following other types implement trait `acceptance::_::_serde::Serialize`:
              &'a T
              &'a mut T
              ()
              (T,)
              (T0, T1)
              (T0, T1, T2)
              (T0, T1, T2, T3)
              (T0, T1, T2, T3, T4)
            and 1045 others
    = note: required for `&camino::Utf8PathBuf` to implement `acceptance::_::_serde::Serialize`
note: required by a bound in `to_value`
   --> /home/brianklam/.cargo/registry/src/index.crates.io-1949cf8c6b5b557f/serde_json-1.0.151/src/value/mod.rs:997:8
    |
995 | pub fn to_value<T>(value: T) -> Result<Value, Error>
    |        -------- required by a bound in this function
996 | where
997 |     T: Serialize,
    |        ^^^^^^^^^ required by this bound in `to_value`
    = note: this error originates in the macro `$crate::json_internal` which comes from the expansion of the macro `json` (in Nightly builds, run with -Z macro-backtrace for more info)

For more information about this error, try `rustc --explain E0277`.
error: could not compile `openwarrant-cli` (lib) due to 6 previous errors
