    Checking libc v0.2.186
    Checking serde_core v1.0.228
    Checking zerocopy v0.8.54
    Checking serde v1.0.228
    Checking bitflags v2.13.0
    Checking typenum v1.20.1
    Checking generic-array v0.14.7
    Checking futures-core v0.3.32
    Checking futures-sink v0.3.32
    Checking crossbeam-utils v0.8.22
    Checking byteorder v1.5.0
    Checking ahash v0.8.12
    Checking hash32 v0.3.1
    Checking crossbeam-epoch v0.9.20
    Checking zmij v1.0.21
    Checking parking_lot_core v0.9.12
    Checking futures-channel v0.3.32
    Checking block-buffer v0.10.4
    Checking crypto-common v0.1.7
    Checking tracing-core v0.1.36
    Checking errno v0.3.14
    Checking getrandom v0.2.17
    Checking futures-io v0.3.32
    Checking regex-syntax v0.8.11
    Checking stable_deref_trait v1.2.1
    Checking futures-task v0.3.32
    Checking futures-util v0.3.32
    Checking regex-automata v0.4.15
    Checking heapless v0.8.0
    Checking rand_core v0.6.4
    Checking signal-hook-registry v1.4.8
    Checking digest v0.10.7
    Checking parking_lot v0.12.5
    Checking serde_json v1.0.150
    Checking crossbeam-deque v0.8.7
    Checking getrandom v0.4.3
    Checking hashbrown v0.14.5
    Checking ppv-lite86 v0.2.21
    Checking serde_spanned v0.6.9
    Checking toml_datetime v0.6.11
    Checking mio v1.2.1
    Checking socket2 v0.6.4
    Checking iana-time-zone v0.1.65
    Checking lazy_static v1.5.0
    Checking linux-raw-sys v0.4.15
    Checking linux-raw-sys v0.12.1
    Checking option-ext v0.2.0
    Checking toml_write v0.1.2
    Checking cpufeatures v0.2.17
    Checking log v0.4.33
    Checking either v1.16.0
    Checking tracing-log v0.2.0
    Checking clap_builder v4.6.0
    Checking toml_edit v0.22.27
    Checking schemars v0.8.22
    Checking sha2 v0.10.9
    Checking dirs-sys v0.4.1
    Checking rustix v1.1.4
    Checking rustix v0.38.44
    Checking sharded-slab v0.1.7
    Checking chrono v0.4.45
    Checking tokio v1.52.3
    Checking tracing v0.1.44
    Checking hashlink v0.9.1
    Checking rand_chacha v0.3.1
    Checking libsqlite3-sys v0.30.1
    Checking rayon-core v1.13.0
    Checking faster-hex v0.10.0
    Checking futures-executor v0.3.32
    Checking matchers v0.2.0
    Checking thread_local v1.1.9
    Checking constant_time_eq v0.3.1
    Checking arrayvec v0.7.8
    Checking fastrand v2.4.1
    Checking nu-ansi-term v0.50.3
    Checking unsafe-libyaml v0.2.11
    Checking arrayref v0.3.9
    Checking winnow v0.6.26
    Checking fallible-iterator v0.3.0
    Checking home v0.5.12
    Checking fallible-streaming-iterator v0.1.9
    Checking serde_yaml v0.9.34+deprecated
    Checking cron v0.15.0
    Checking rusqlite v0.32.1
    Checking which v6.0.3
    Checking blake3 v1.8.2
    Checking tokio-util v0.7.18
    Checking tracing-subscriber v0.3.23
    Checking tempfile v3.27.0
    Checking thiserror v1.0.69
    Checking futures v0.3.32
    Checking nix v0.29.0
    Checking blut-types v0.2.0-alpha.1 (/mnt/4tb/tmp/openwarrant-provider-engine/crates/blut-types)
    Checking rayon v1.12.0
    Checking rand v0.8.6
    Checking dirs v5.0.1
    Checking clap v4.6.1
    Checking anyhow v1.0.103
    Checking toml v0.8.23
    Checking uuid v1.23.4
    Checking bincode v1.3.3
    Checking memmap2 v0.9.11
    Checking humantime v2.4.0
    Checking semver v1.0.28
    Checking blut v0.2.0-alpha.1 (/mnt/4tb/tmp/openwarrant-provider-engine)
    Checking blut-cookbook-standard v0.1.0 (/mnt/4tb/tmp/openwarrant-provider-runtime)
    Checking blut-cookbook-core v0.1.0 (/mnt/4tb/tmp/openwarrant-provider-runtime/crates/blut-cookbook-core)
    Finished `dev` profile [unoptimized + debuginfo] target(s) in 17.02s
