    Blocking waiting for file lock on build directory
    Checking libc v0.2.189
    Checking cfg-if v1.0.4
    Checking serde_core v1.0.229
    Checking equivalent v1.0.2
    Checking allocator-api2 v0.2.21
    Checking foldhash v0.2.0
    Checking hashbrown v0.17.1
    Checking itoa v1.0.18
    Checking serde v1.0.229
    Checking memchr v2.8.3
    Checking indexmap v2.14.0
    Checking thiserror v2.0.21
    Checking zmij v1.0.23
    Checking typenum v1.20.1
    Checking serde_json v1.0.151
    Checking num-traits v0.2.19
    Checking hybrid-array v0.4.14
    Checking ref-cast v1.0.27
    Checking chrono v0.4.45
    Checking crypto-common v0.2.2
    Checking block-buffer v0.12.1
    Checking getrandom v0.4.3
    Checking serde_spanned v0.6.9
    Checking toml_datetime v0.6.11
    Checking const-oid v0.10.2
    Checking winnow v1.0.4
    Checking winnow v0.7.15
    Checking dyn-clone v1.0.20
    Checking schemars v1.2.2
    Checking toml_parser v1.1.3+spec-1.1.0
    Checking toml_edit v0.22.27
    Checking digest v0.11.3
    Checking uuid v1.26.1
    Checking serde_spanned v1.1.1
    Checking toml_datetime v1.1.1+spec-1.1.0
    Checking ryu-js v0.2.2
    Checking cpufeatures v0.3.0
    Checking toml_writer v1.1.2+spec-1.1.0
    Checking toml v0.8.23
    Checking toml v1.1.6+spec-1.1.0
    Checking sha2 v0.11.0
    Checking serde_jcs v0.2.0
    Checking log v0.4.34
    Checking openwarrant-core v1.0.0 (/mnt/4tb/tmp/ow-authority-transition-admission/crates/openwarrant-core)
    Checking errno v0.3.14
    Checking pin-project-lite v0.2.17
    Checking bitflags v2.13.2
    Checking signal-hook-registry v1.4.8
    Checking futures-sink v0.3.34
    Checking either v1.18.0
    Checking bytes v1.12.1
    Checking futures-core v0.3.34
    Checking itertools v0.14.0
    Checking castaway v0.2.4
    Checking hashbrown v0.16.1
    Checking static_assertions v1.1.0
    Checking scopeguard v1.2.0
    Checking smallvec v1.15.2
    Checking unicode-segmentation v1.13.3
    Checking ryu v1.0.23
    Checking unicode-width v0.2.0
    Checking once_cell v1.21.4
    Checking zeroize v1.9.0
    Checking rustls-pki-types v1.15.1
    Checking unicode-truncate v2.0.1
    Checking compact_str v0.9.1
    Checking parking_lot_core v0.9.12
    Checking lock_api v0.4.14
    Checking kasuari v0.4.12
    Checking strum v0.28.0
    Checking signal-hook v0.3.18
    Checking futures-channel v0.3.34
    Checking mio v1.2.3
    Checking lru v0.18.5
    Checking getrandom v0.2.17
    Checking futures-io v0.3.34
    Checking futures-task v0.3.34
    Checking slab v0.4.12
    Checking linux-raw-sys v0.12.1
    Checking untrusted v0.9.0
    Checking utf8parse v0.2.2
    Checking anstyle-parse v1.0.0
    Checking ring v0.17.14
    Checking rustix v1.1.5
    Checking futures-util v0.3.34
    Checking ratatui-core v0.1.2
    Checking signal-hook-mio v0.2.5
    Checking derive_more v2.1.1
    Checking parking_lot v0.12.5
    Checking anstyle-query v1.1.5
    Checking colorchoice v1.0.5
    Checking is_terminal_polyfill v1.70.2
    Checking anstyle v1.0.14
    Checking tokio v1.53.1
    Checking anstream v1.0.0
    Checking crossterm v0.29.0
    Checking futures-executor v0.3.34
    Checking rustls-webpki v0.103.15
    Checking httparse v1.10.1
    Checking tracing-core v0.1.36
    Checking http v1.5.0
    Checking line-clipping v0.3.8
    Checking strsim v0.11.1
    Checking clap_lex v1.1.0
    Checking subtle v2.6.1
    Checking base64 v0.23.1
    Checking clap_builder v4.6.7
    Checking ureq-proto v0.6.4
    Checking rustls v0.23.45
    Checking tracing v0.1.44
    Checking ratatui-widgets v0.3.2
    Checking tokio-util v0.7.19
    Checking futures v0.3.34
    Checking ratatui-crossterm v0.1.2
    Checking webpki-roots v1.0.9
    Checking utf8-zero v0.8.1
    Checking percent-encoding v2.3.2
   Compiling openwarrant-cli v1.0.0-alpha.2 (/mnt/4tb/tmp/ow-authority-transition-admission/crates/openwarrant-cli)
    Checking ureq v3.4.2
    Checking rmcp v3.5.0
    Checking clap v4.6.7
    Checking ratatui v0.30.2
    Checking camino v1.2.6
    Checking signal-hook v0.4.4
    Checking openwarrant-compiler v1.0.0 (/mnt/4tb/tmp/ow-authority-transition-admission/crates/openwarrant-compiler)
    Checking qrcodegen v1.8.0
    Finished `dev` profile [unoptimized] target(s) in 42.55s
