   Compiling libc v0.2.189
   Compiling syn v3.0.3
   Compiling serde_core v1.0.229
   Compiling allocator-api2 v0.2.21
   Compiling foldhash v0.2.0
   Compiling hashbrown v0.17.1
   Compiling serde v1.0.229
   Compiling serde_derive v1.0.229
   Compiling syn v2.0.119
   Compiling strsim v0.11.1
   Compiling memchr v2.8.3
   Compiling indexmap v2.14.0
   Compiling thiserror-impl v2.0.21
   Compiling ident_case v1.0.1
   Compiling unicode-segmentation v1.13.3
   Compiling shlex v2.0.1
   Compiling find-msvc-tools v0.1.11
   Compiling thiserror v2.0.21
   Compiling darling_core v0.24.1
   Compiling cc v1.4.4
   Compiling serde_json v1.0.151
   Compiling heck v0.5.0
   Compiling rustversion v1.0.23
   Compiling log v0.4.34
   Compiling ring v0.17.14
   Compiling errno v0.3.14
   Compiling bitflags v2.13.2
   Compiling darling_macro v0.24.1
   Compiling pin-project-lite v0.2.17
   Compiling signal-hook-registry v1.4.8
   Compiling darling v0.24.1
   Compiling signal-hook v0.3.18
   Compiling futures-core v0.3.34
   Compiling either v1.18.0
   Compiling bytes v1.12.1
   Compiling autocfg v1.5.1
   Compiling futures-sink v0.3.34
   Compiling parking_lot_core v0.9.12
   Compiling itertools v0.14.0
   Compiling num-traits v0.2.19
   Compiling castaway v0.2.4
   Compiling strum_macros v0.28.0
   Compiling convert_case v0.10.0
   Compiling hashbrown v0.16.1
   Compiling ryu v1.0.23
   Compiling unicode-width v0.2.0
   Compiling smallvec v1.15.2
   Compiling static_assertions v1.1.0
   Compiling once_cell v1.21.4
   Compiling zeroize v1.9.0
   Compiling rustix v1.1.5
   Compiling scopeguard v1.2.0
   Compiling lock_api v0.4.14
   Compiling strum v0.28.0
   Compiling rustls-pki-types v1.15.1
   Compiling compact_str v0.9.1
   Compiling unicode-truncate v2.0.1
   Compiling kasuari v0.4.12
   Compiling derive_more-impl v2.1.1
   Compiling getrandom v0.4.3
   Compiling futures-channel v0.3.34
   Compiling mio v1.2.3
   Compiling serde_spanned v0.6.9
   Compiling toml_datetime v0.6.11
   Compiling lru v0.18.5
   Compiling futures-macro v0.3.34
   Compiling getrandom v0.2.17
   Compiling untrusted v0.9.0
   Compiling futures-io v0.3.34
   Compiling indoc v2.0.7
   Compiling litrs v1.0.0
   Compiling linux-raw-sys v0.12.1
   Compiling slab v0.4.12
   Compiling ref-cast v1.0.27
   Compiling utf8parse v0.2.2
   Compiling futures-task v0.3.34
   Compiling httparse v1.10.1
   Compiling futures-util v0.3.34
   Compiling anstyle-parse v1.0.0
   Compiling document-features v0.2.12
   Compiling toml_edit v0.22.27
   Compiling instability v0.3.14
   Compiling ratatui-core v0.1.2
   Compiling signal-hook-mio v0.2.5
   Compiling uuid v1.26.1
   Compiling derive_more v2.1.1
   Compiling parking_lot v0.12.5
   Compiling tokio-macros v2.7.2
   Compiling ref-cast-impl v1.0.27
   Compiling serde_derive_internals v0.30.0
   Compiling serde_spanned v1.1.1
   Compiling toml_datetime v1.1.1+spec-1.1.0
   Compiling rustls v0.23.45
   Compiling anstyle-query v1.1.5
   Compiling anstyle v1.0.14
   Compiling is_terminal_polyfill v1.70.2
   Compiling colorchoice v1.0.5
   Compiling anstream v1.0.0
   Compiling toml v1.1.6+spec-1.1.0
   Compiling serde_jcs v0.2.0
   Compiling schemars_derive v1.2.2
   Compiling tokio v1.53.1
   Compiling crossterm v0.29.0
   Compiling chrono v0.4.45
   Compiling toml v0.8.23
   Compiling rustls-webpki v0.103.15
   Compiling futures-executor v0.3.34
   Compiling tracing-core v0.1.36
   Compiling http v1.5.0
   Compiling line-clipping v0.3.8
   Compiling tracing-attributes v0.1.31
   Compiling base64 v0.23.1
   Compiling clap_lex v1.1.0
   Compiling subtle v2.6.1
   Compiling camino v1.2.6
   Compiling dyn-clone v1.0.20
   Compiling rmcp v3.5.0
   Compiling signal-hook v0.4.4
   Compiling schemars v1.2.2
   Compiling clap_builder v4.6.7
   Compiling ureq-proto v0.6.4
   Compiling tracing v0.1.44
   Compiling ratatui-widgets v0.3.2
   Compiling futures v0.3.34
   Compiling openwarrant-core v1.0.0 (/mnt/4tb/tmp/ow-authority-transition-admission/crates/openwarrant-core)
   Compiling tokio-util v0.7.19
   Compiling ratatui-crossterm v0.1.2
   Compiling rmcp-macros v3.5.0
   Compiling webpki-roots v1.0.9
   Compiling clap_derive v4.6.7
   Compiling openwarrant-cli v1.0.0-alpha.2 (/mnt/4tb/tmp/ow-authority-transition-admission/crates/openwarrant-cli)
   Compiling pastey v0.2.3
   Compiling percent-encoding v2.3.2
   Compiling utf8-zero v0.8.1
   Compiling ureq v3.4.2
   Compiling clap v4.6.7
   Compiling ratatui v0.30.2
   Compiling openwarrant-compiler v1.0.0 (/mnt/4tb/tmp/ow-authority-transition-admission/crates/openwarrant-compiler)
   Compiling qrcodegen v1.8.0
    Finished `test` profile [unoptimized] target(s) in 1m 24s
     Running unittests src/lib.rs (/mnt/4tb/build/cargo/f4/239f058ca60b41/debug/deps/openwarrant_cli-bd7cb985cf52ba3d)

running 2 tests
test authority_cmd::signing::tests::current_presence_policy_controls_activation_after_cryptography_without_inferring_a_human_review ... ok
test authority_cmd::signing::tests::signed_nonhuman_and_unbound_administrators_cannot_activate_but_history_remains_readable ... ok

test result: ok. 2 passed; 0 failed; 0 ignored; 0 measured; 350 filtered out; finished in 5.96s

