    Finished `test` profile [unoptimized] target(s) in 0.06s
     Running tests/collector_signature.rs (/mnt/4tb/build/cargo/f4/239f058ca60b41/debug/deps/collector_signature-a3ddbe552e28c17d)

running 1 test

thread 'protected_namespace_roundtrip' (2186721) panicked at crates/openwarrant-cli/tests/collector_signature.rs:266:5:

running 1 test

running 1 test
test namespace_fixture_entry ... FAILED

failures:

failures:
    namespace_fixture_entry

test result: FAILED. 0 passed; 1 failed; 0 ignored; 0 measured; 5 filtered out; finished in 0.00s

test namespace_fixture_entry ... FAILED

failures:

failures:
    namespace_fixture_entry

test result: FAILED. 0 passed; 1 failed; 0 ignored; 0 measured; 5 filtered out; finished in 0.01s



thread 'namespace_fixture_entry' (2186728) panicked at crates/openwarrant-cli/tests/collector_signature.rs:317:10:
called `Result::unwrap()` on an `Err` value: Unavailable("enrollment source unavailable")
note: run with `RUST_BACKTRACE=1` environment variable to display a backtrace

thread 'namespace_fixture_entry' (2186726) panicked at crates/openwarrant-cli/tests/collector_signature.rs:481:9:
executor exited before readiness
note: run with `RUST_BACKTRACE=1` environment variable to display a backtrace

note: run with `RUST_BACKTRACE=1` environment variable to display a backtrace
test protected_namespace_roundtrip ... FAILED

failures:

failures:
    protected_namespace_roundtrip

test result: FAILED. 0 passed; 1 failed; 0 ignored; 0 measured; 5 filtered out; finished in 0.02s

error: test failed, to rerun pass `-p openwarrant-cli --test collector_signature`
