   Compiling serde_core v1.0.229
   Compiling proc-macro2 v1.0.107
   Compiling quote v1.0.47
   Compiling unicode-ident v1.0.24
   Compiling syn v3.0.3
   Compiling serde v1.0.229
   Compiling typenum v1.20.1
   Compiling equivalent v1.0.2
   Compiling hashbrown v0.17.1
   Compiling serde_derive v1.0.229
   Compiling indexmap v2.14.0
   Compiling hybrid-array v0.4.14
   Compiling zmij v1.0.23
   Compiling libc v0.2.189
   Compiling serde_json v1.0.151
   Compiling getrandom v0.4.3
   Compiling cfg-if v1.0.4
   Compiling toml_datetime v0.6.11
   Compiling serde_spanned v0.6.9
   Compiling block-buffer v0.12.1
   Compiling crypto-common v0.2.2
   Compiling winnow v0.7.15
   Compiling memchr v2.8.3
   Compiling itoa v1.0.18
   Compiling winnow v1.0.4
   Compiling thiserror v2.0.21
   Compiling const-oid v0.10.2
   Compiling digest v0.11.3
   Compiling toml_parser v1.1.3+spec-1.1.0
   Compiling toml_edit v0.22.27
   Compiling thiserror-impl v2.0.21
   Compiling toml_datetime v1.1.1+spec-1.1.0
   Compiling serde_spanned v1.1.1
   Compiling cpufeatures v0.3.0
   Compiling toml_writer v1.1.2+spec-1.1.0
   Compiling ryu-js v0.2.2
   Compiling serde_jcs v0.2.0
   Compiling toml v1.1.6+spec-1.1.0
   Compiling sha2 v0.11.0
   Compiling toml v0.8.23
   Compiling uuid v1.26.1
   Compiling openwarrant-core v1.0.0 (/mnt/4tb/tmp/ow-authority-transition-admission/crates/openwarrant-core)
error[E0425]: cannot find function `authorize_activation` in this scope
   --> crates/openwarrant-core/src/authority_transition.rs:696:29
    |
335 | / pub fn authorize_transition(
336 | |     previous: &Revision,
337 | |     proposal: &Proposal,
338 | |     authenticated_signers: &BTreeSet<String>,
...   |
358 | |     Ok(())
359 | | }
    | |_- similarly named function `authorize_transition` defined here
...
696 |               let admission = authorize_activation(&previous, &proposal, &signers);
    |                               ^^^^^^^^^^^^^^^^^^^^
    |
help: a function with a similar name exists
    |
696 -             let admission = authorize_activation(&previous, &proposal, &signers);
696 +             let admission = authorize_transition(&previous, &proposal, &signers);
    |

error[E0425]: cannot find function `authorize_activation` in this scope
   --> crates/openwarrant-core/src/authority_transition.rs:722:26
    |
335 | / pub fn authorize_transition(
336 | |     previous: &Revision,
337 | |     proposal: &Proposal,
338 | |     authenticated_signers: &BTreeSet<String>,
...   |
358 | |     Ok(())
359 | | }
    | |_- similarly named function `authorize_transition` defined here
...
722 |               let result = authorize_activation(&previous, &proposal, &BTreeSet::from(["alice".into()]));
    |                            ^^^^^^^^^^^^^^^^^^^^
    |
help: a function with a similar name exists
    |
722 -             let result = authorize_activation(&previous, &proposal, &BTreeSet::from(["alice".into()]));
722 +             let result = authorize_transition(&previous, &proposal, &BTreeSet::from(["alice".into()]));
    |

For more information about this error, try `rustc --explain E0425`.
error: could not compile `openwarrant-core` (lib test) due to 2 previous errors
