   Compiling serde_core v1.0.229
   Compiling serde v1.0.229
    Checking hashbrown v0.17.1
    Checking equivalent v1.0.2
   Compiling serde_json v1.0.151
    Checking itoa v1.0.18
    Checking memchr v2.8.3
   Compiling ref-cast v1.0.27
    Checking winnow v0.7.15
    Checking cfg-if v1.0.4
    Checking dyn-clone v1.0.20
    Checking ryu-js v0.2.2
    Checking zmij v1.0.23
    Checking libc v0.2.189
   Compiling ref-cast-impl v1.0.27
   Compiling serde_derive_internals v0.30.0
    Checking thiserror v2.0.20
   Compiling schemars_derive v1.2.2
    Checking indexmap v2.14.0
    Checking getrandom v0.4.3
    Checking uuid v1.25.0
    Checking toml_datetime v0.6.11
    Checking serde_spanned v0.6.9
    Checking toml_edit v0.22.27
    Checking schemars v1.2.2
    Checking serde_jcs v0.2.0
    Checking toml v0.8.23
    Checking openwarrant-core v1.0.0 (/mnt/4tb/tmp/ow-war-0075-sdk/crates/openwarrant-core)
error: items after a test module
   --> crates/openwarrant-core/src/identity.rs:207:1
    |
207 | mod tests {
    | ^^^^^^^^^
...
304 | impl schemars::JsonSchema for WarUuid {
    | ^^^^^^^^^^^^^^^^^^^^^^^^^^^^^^^^^^^^^
    |
    = help: for further information visit https://rust-lang.github.io/rust-clippy/rust-1.97.0/index.html#items_after_test_module
    = note: `-D clippy::items-after-test-module` implied by `-D warnings`
    = help: to override `-D warnings` add `#[allow(clippy::items_after_test_module)]`
    = help: move the items to before the test module was defined

error: could not compile `openwarrant-core` (lib test) due to 1 previous error
