   Compiling openwarrant-cli v1.0.0-alpha.2 (/mnt/4tb/tmp/ow-review-contract-sources/crates/openwarrant-cli)
    Finished `test` profile [unoptimized + debuginfo] target(s) in 2m 59s
     Running tests/verification_subject_cli.rs (/mnt/2tb/ow-contract-source-target/debug/deps/verification_subject_cli-a43821a808e11189)

running 36 tests
test malformed_deliverables_cannot_be_bound_as_an_empty_artifact_set ... ok
test document_review_reports_an_unsupported_record_instead_of_an_absent_review ... ok
test unavailable_symlink_source_is_unknown_and_writes_no_verdict ... ok
test unsupported_future_response_is_unknown_and_v2_missing_bindings_is_invalid ... ok
test offline_bundle_carries_exact_gate_and_fixture_sources ... ok
test rehashed_packet_cannot_invent_a_prior_verdict ... ok
test mark_requirement_does_not_treat_unbound_history_as_current_review ... ok
test unknown_obligation_refuses_the_whole_response_before_any_write ... ok
test changed_requirement_cannot_reuse_an_unbound_old_verdict ... ok
test known_independence_failure_is_not_relabelled_as_unknown_binding ... ok
test offline_review_carries_exact_pinned_architecture_rules ... ok
test progress_preserves_unbound_history_without_claiming_establishment ... ok
test retained_packet_link_never_writes_its_external_target ... ok
test changed_contract_refuses_a_bound_old_response_without_writes ... ok
test changed_declared_gate_input_refuses_old_review_without_writes ... ok
test ambiguous_packet_object_members_refuse_all_verdicts_before_writes ... ok
test legitimate_split_task_packets_remain_admissible ... ok
test emitting_again_never_replaces_a_retained_packet_with_different_bytes ... ok
test changed_required_fixture_refuses_the_old_review_without_writes ... ok
test unavailable_retained_packet_reports_unknown_without_rewriting_history ... ok
test internal_link_binds_target_identity_and_selected_dependencies ... ok
test candidate_reads_exact_objects_without_git_replacements ... ok
test legacy_protocol_cannot_qualify_even_when_new_binding_fields_are_supplied ... ok
test gate_without_input_list_binds_tree_without_publishing_performer_rationale ... ok
test wrong_packet_digest_refuses_all_verdicts_before_writing ... ok
test changed_artifact_refuses_old_bound_response_without_writes ... ok
test rehashed_packets_cannot_omit_or_replace_required_review_sources ... ok
test unsupported_stored_record_is_unknown_while_malformed_supported_record_is_an_error ... ok
test packet_prior_observations_survive_replacement_but_require_retained_bytes ... ok
test configured_verifier_echoes_the_subject_it_actually_reviewed ... ok
test fresh_bound_review_qualifies_and_exact_replay_preserves_records ... ok
test rehashed_packets_cannot_replace_the_captured_task ... ok
test strict_packet_reader_preserves_large_required_binary_fixtures ... ok
test rendered_code_and_evidence_cannot_be_replaced_under_real_source_hashes ... ok
test exact_contract_sources_travel_with_whole_and_split_packets ... ok
test archive_retains_wrapped_verification_without_claiming_current_assurance ... ok

test result: ok. 36 passed; 0 failed; 0 ignored; 0 measured; 0 filtered out; finished in 0.57s

