   Compiling proc-macro2 v1.0.106
   Compiling unicode-ident v1.0.24
   Compiling quote v1.0.45
   Compiling libc v0.2.186
   Compiling cfg-if v1.0.4
   Compiling syn v2.0.117
   Compiling serde_core v1.0.228
   Compiling bitflags v2.13.0
   Compiling version_check v0.9.5
   Compiling foldhash v0.2.0
   Compiling allocator-api2 v0.2.21
   Compiling serde v1.0.228
   Compiling equivalent v1.0.2
   Compiling serde_derive v1.0.228
   Compiling hashbrown v0.17.1
   Compiling once_cell v1.21.4
   Compiling itoa v1.0.18
   Compiling strsim v0.11.1
   Compiling log v0.4.32
   Compiling smallvec v1.15.1
   Compiling errno v0.3.14
   Compiling zerocopy v0.8.50
   Compiling either v1.16.0
   Compiling heck v0.5.0
   Compiling parking_lot_core v0.9.12
   Compiling signal-hook-registry v1.4.8
   Compiling shlex v2.0.1
   Compiling unicode-segmentation v1.13.3
   Compiling find-msvc-tools v0.1.9
   Compiling scopeguard v1.2.0
   Compiling lock_api v0.4.14
   Compiling cc v1.2.63
   Compiling mio v1.2.1
   Compiling generic-array v0.14.7
   Compiling rustversion v1.0.22
   Compiling ryu v1.0.23
   Compiling pin-project-lite v0.2.17
   Compiling parking_lot v0.12.5
   Compiling thiserror v2.0.18
   Compiling fnv v1.0.7
   Compiling memchr v2.8.1
   Compiling typenum v1.20.1
   Compiling ident_case v1.0.1
   Compiling crossbeam-utils v0.8.21
   Compiling rustix v1.1.4
   Compiling darling_core v0.20.11
   Compiling thiserror-impl v2.0.18
   Compiling ahash v0.8.12
   Compiling zmij v1.0.21
   Compiling linux-raw-sys v0.12.1
   Compiling signal-hook v0.3.18
   Compiling futures-sink v0.3.32
   Compiling autocfg v1.5.1
   Compiling futures-core v0.3.32
   Compiling num-traits v0.2.19
   Compiling darling_macro v0.20.11
   Compiling castaway v0.2.4
   Compiling strum_macros v0.28.0
   Compiling itertools v0.14.0
   Compiling hashbrown v0.16.1
   Compiling heapless v0.8.0
   Compiling vcpkg v0.2.15
   Compiling instability v0.3.10
   Compiling static_assertions v1.1.0
   Compiling getrandom v0.4.2
   Compiling utf8parse v0.2.2
   Compiling pkg-config v0.3.33
   Compiling indoc v2.0.7
   Compiling byteorder v1.5.0
   Compiling unicode-width v0.2.2
   Compiling serde_json v1.0.150
   Compiling rustix v0.38.44
   Compiling unicode-truncate v2.0.1
   Compiling hash32 v0.3.1
   Compiling libsqlite3-sys v0.30.1
   Compiling anstyle-parse v1.0.0
   Compiling compact_str v0.9.1
   Compiling kasuari v0.4.12
   Compiling strum v0.28.0
   Compiling crossbeam-epoch v0.9.18
   Compiling darling v0.20.11
   Compiling futures-channel v0.3.32
   Compiling block-buffer v0.10.4
   Compiling crypto-common v0.1.7
   Compiling convert_case v0.10.0
   Compiling tracing-core v0.1.36
   Compiling indexmap v2.14.0
   Compiling lru v0.18.0
   Compiling futures-macro v0.3.32
   Compiling serde_derive_internals v0.29.1
   Compiling getrandom v0.2.17
   Compiling futures-task v0.3.32
   Compiling anstyle v1.0.14
   Compiling slab v0.4.12
   Compiling linux-raw-sys v0.4.15
   Compiling schemars v0.8.22
   Compiling futures-io v0.3.32
   Compiling is_terminal_polyfill v1.70.2
   Compiling cfg_aliases v0.2.1
   Compiling colorchoice v1.0.5
   Compiling critical-section v1.2.0
   Compiling regex-syntax v0.8.10
   Compiling stable_deref_trait v1.2.1
   Compiling anstyle-query v1.1.5
   Compiling powerfmt v0.2.0
   Compiling rayon-core v1.13.0
   Compiling deranged v0.5.8
   Compiling regex-automata v0.4.14
   Compiling anstream v1.0.0
   Compiling ratatui-core v0.1.1
   Compiling nix v0.29.0
   Compiling futures-util v0.3.32
   Compiling schemars_derive v0.8.22
   Compiling rand_core v0.6.4
   Compiling derive_more-impl v2.1.1
   Compiling digest v0.10.7
   Compiling signal-hook-mio v0.2.5
   Compiling crossbeam-deque v0.8.6
   Compiling hashbrown v0.14.5
   Compiling ppv-lite86 v0.2.21
   Compiling blake3 v1.8.2
   Compiling serde_spanned v0.6.9
   Compiling toml_datetime v0.6.11
   Compiling tokio-macros v2.7.0
   Compiling tracing-attributes v0.1.31
   Compiling socket2 v0.6.4
   Compiling thread_local v1.1.9
   Compiling lazy_static v1.5.0
   Compiling anyhow v1.0.102
   Compiling dyn-clone v1.0.20
   Compiling thiserror v1.0.69
   Compiling option-ext v0.2.0
   Compiling winnow v0.7.15
   Compiling cpufeatures v0.2.17
   Compiling litrs v1.0.0
   Compiling toml_write v0.1.2
   Compiling time-core v0.1.8
   Compiling bytes v1.11.1
   Compiling iana-time-zone v0.1.65
   Compiling clap_lex v1.1.0
   Compiling num-conv v0.2.2
   Compiling num_threads v0.1.7
   Compiling time v0.3.47
   Compiling clap_builder v4.6.0
   Compiling chrono v0.4.45
   Compiling tokio v1.52.3
   Compiling toml_edit v0.22.27
   Compiling document-features v0.2.12
   Compiling sha2 v0.10.9
   Compiling dirs-sys v0.4.1
   Compiling sharded-slab v0.1.7
   Compiling tracing v0.1.44
   Compiling rand_chacha v0.3.1
   Compiling hashlink v0.9.1
   Compiling derive_more v2.1.1
   Compiling futures-executor v0.3.32
   Compiling matchers v0.2.0
   Compiling faster-hex v0.10.0
   Compiling tracing-log v0.2.0
   Compiling clap_derive v4.6.1
   Compiling thiserror-impl v1.0.69
   Compiling line-clipping v0.3.7
   Compiling constant_time_eq v0.3.1
   Compiling unsafe-libyaml v0.2.11
   Compiling fallible-streaming-iterator v0.1.9
   Compiling home v0.5.11
   Compiling fastrand v2.4.1
   Compiling arrayref v0.3.9
   Compiling fallible-iterator v0.3.0
   Compiling nu-ansi-term v0.50.3
   Compiling arrayvec v0.7.8
   Compiling blut v0.2.0-alpha.1
   Compiling winnow v0.6.26
   Compiling tracing-subscriber v0.3.23
   Compiling cron v0.15.0
   Compiling rusqlite v0.32.1
   Compiling serde_yaml v0.9.34+deprecated
   Compiling tempfile v3.27.0
   Compiling which v6.0.3
   Compiling clap v4.6.1
   Compiling ratatui-widgets v0.3.1
   Compiling blut-types v0.2.0-alpha.1
   Compiling rayon v1.12.0
   Compiling futures v0.3.32
   Compiling crossterm v0.29.0
   Compiling rand v0.8.6
   Compiling tokio-util v0.7.18
   Compiling dirs v5.0.1
   Compiling toml v0.8.23
   Compiling uuid v1.23.2
   Compiling bincode v1.3.3
   Compiling async-trait v0.1.89
   Compiling memmap2 v0.9.10
   Compiling humantime v2.3.0
   Compiling ratatui-crossterm v0.1.1
   Compiling ratatui-macros v0.7.1
   Compiling ratatui v0.30.1
   Compiling fuzzy-matcher v0.3.7
   Compiling crossterm v0.28.1
   Compiling blut-cookbook-standard v0.1.0
   Compiling blut-tui v0.2.0-alpha.1
   Compiling blut-cookbook-lamquant v0.1.0 (/mnt/4tb/tmp/ow47-pinned-cookbook-20260918/training/cookbooks/lamquant)
    Finished `dev` profile [unoptimized + debuginfo] target(s) in 44.36s
