
running 1 test

running 1 test

running 1 test
missing-account UID 2: verification UNKNOWN; no cryptographic verdict inferred
test collector_signature::namespace_fixture_entry ... ok

test result: ok. 1 passed; 0 failed; 0 ignored; 0 measured; 216 filtered out; finished in 0.01s



running 1 test
capable executor observation: accepted=false; fault=Some(Rejected("authority store is writable by the executor"))
capable execution UID 1: actual write succeeded; authority loading refused effective write capability
test collector_signature::namespace_fixture_entry ... ok

test result: ok. 1 passed; 0 failed; 0 ignored; 0 measured; 216 filtered out; finished in 0.00s



running 1 test
activated verifier: sealed execution passed; inactive enrollment, repository, collector, scope, provider and writable executable refused
execution UID 1: sealed approved image survived operator path replacement; fresh mismatched bytes, writable image, symlink and script refused
activated verifier: changed selection and signed revocation refused before execution
execution UID 1: authority write refused; activated enrollment accepted; inactive enrollment unavailable; changed selection, mismatched UID and signed revocation refused
test collector_signature::namespace_fixture_entry ... ok

test result: ok. 1 passed; 0 failed; 0 ignored; 0 measured; 216 filtered out; finished in 0.14s

operator UID 0: real normal-mode CLI bootstrap and activation, software signature; fixture removed; no human acceptance or host-account qualification claimed
test collector_signature::namespace_fixture_entry ... ok

test result: ok. 1 passed; 0 failed; 0 ignored; 0 measured; 216 filtered out; finished in 0.23s


test collector_signature::protected_namespace_roundtrip ... ok

test result: ok. 1 passed; 0 failed; 0 ignored; 0 measured; 216 filtered out; finished in 0.35s
