   Compiling openwarrant-cli v1.0.0-alpha.2 (/mnt/4tb/tmp/ow-telemetry-json-report/crates/openwarrant-cli)
error[E0277]: the trait bound `Utf8PathBuf: serde::Serialize` is not satisfied
    --> crates/openwarrant-cli/src/lib.rs:2170:17
     |
2170 | /                 serde_json::json!({
2171 | |                     "operation": "record",
2172 | |                     "path": out,
2173 | |                     "baseline": baseline,
2174 | |                 }),
     | |                  ^
     | |                  |
     | |__________________the trait `acceptance::_::_serde::Serialize` is not implemented for `Utf8PathBuf`
     |                    required by a bound introduced by this call
     |
     = note: for local types consider adding `#[derive(serde::Serialize)]` to your `Utf8PathBuf` type
     = note: for types from other crates check whether the crate offers a `serde` feature flag
     = help: the following other types implement trait `acceptance::_::_serde::Serialize`:
               &'a T
               &'a mut T
               ()
               (T,)
               (T0, T1)
               (T0, T1, T2)
               (T0, T1, T2, T3)
               (T0, T1, T2, T3, T4)
             and 883 others
     = note: required for `&Utf8PathBuf` to implement `acceptance::_::_serde::Serialize`
note: required by a bound in `to_value`
    --> /home/brianklam/.cargo/registry/src/index.crates.io-1949cf8c6b5b557f/serde_json-1.0.151/src/value/mod.rs:997:8
     |
 995 | pub fn to_value<T>(value: T) -> Result<Value, Error>
     |        -------- required by a bound in this function
 996 | where
 997 |     T: Serialize,
     |        ^^^^^^^^^ required by this bound in `to_value`
     = note: this error originates in the macro `$crate::json_internal` which comes from the expansion of the macro `serde_json::json` (in Nightly builds, run with -Z macro-backtrace for more info)

For more information about this error, try `rustc --explain E0277`.
error: could not compile `openwarrant-cli` (lib) due to 1 previous error
