
running 1 test

thread 'collector_signature::protected_namespace_roundtrip' (438461) panicked at crates/openwarrant-cli/tests/collector_signature.rs:306:5:

running 1 test

running 1 test
missing-account UID 2: verification UNKNOWN; no cryptographic verdict inferred
test collector_signature::namespace_fixture_entry ... ok

test result: ok. 1 passed; 0 failed; 0 ignored; 0 measured; 216 filtered out; finished in 0.01s


test collector_signature::namespace_fixture_entry ... FAILED

failures:

failures:
    collector_signature::namespace_fixture_entry

test result: FAILED. 0 passed; 1 failed; 0 ignored; 0 measured; 216 filtered out; finished in 0.08s



thread 'collector_signature::namespace_fixture_entry' (438487) panicked at crates/openwarrant-cli/tests/collector_signature.rs:814:5:

running 1 test
capable executor observation: accepted=true; fault=None
test collector_signature::namespace_fixture_entry ... FAILED

failures:

failures:
    collector_signature::namespace_fixture_entry

test result: FAILED. 0 passed; 1 failed; 0 ignored; 0 measured; 216 filtered out; finished in 0.01s



thread 'collector_signature::namespace_fixture_entry' (438536) panicked at crates/openwarrant-cli/tests/collector_signature.rs:360:9:
effective capability lets this executor write authority; loading must refuse
note: run with `RUST_BACKTRACE=1` environment variable to display a backtrace

note: run with `RUST_BACKTRACE=1` environment variable to display a backtrace

note: run with `RUST_BACKTRACE=1` environment variable to display a backtrace
test collector_signature::protected_namespace_roundtrip ... FAILED

failures:

failures:
    collector_signature::protected_namespace_roundtrip

test result: FAILED. 0 passed; 1 failed; 0 ignored; 0 measured; 216 filtered out; finished in 0.19s

