test_access_and_authority_fields_refuse (test_drafting.DraftingTests.test_access_and_authority_fields_refuse) ... ok
test_board_is_authenticated_read_only_and_matches_cli (test_drafting.DraftingTests.test_board_is_authenticated_read_only_and_matches_cli) ... ok
test_concurrent_edits_have_one_winner (test_drafting.DraftingTests.test_concurrent_edits_have_one_winner) ... ok
test_corrupt_revision_and_second_writer_refuse (test_drafting.DraftingTests.test_corrupt_revision_and_second_writer_refuse) ... ok
test_cost_and_context_refusals_precede_dispatch (test_drafting.DraftingTests.test_cost_and_context_refusals_precede_dispatch) ... ok
test_create_sdk_source_and_restart (test_drafting.DraftingTests.test_create_sdk_source_and_restart) ... ok
test_duplicate_json_and_symlink_revision_refuse (test_drafting.DraftingTests.test_duplicate_json_and_symlink_revision_refuse) ... ok
test_field_only_corruption_refuses (test_drafting.DraftingTests.test_field_only_corruption_refuses) ... ok
test_generated_source_is_unsaved_then_saved_through_sdk_and_replay_is_safe (test_drafting.DraftingTests.test_generated_source_is_unsaved_then_saved_through_sdk_and_replay_is_safe) ... ok
test_interrupted_initial_record_survives_restart_as_unknown (test_drafting.DraftingTests.test_interrupted_initial_record_survives_restart_as_unknown) ... ok
test_invalid_authority_fields_and_malformed_output_never_save (test_drafting.DraftingTests.test_invalid_authority_fields_and_malformed_output_never_save) ... ok
test_missing_harness_records_failure_without_saving_or_replaying (test_drafting.DraftingTests.test_missing_harness_records_failure_without_saving_or_replaying) ... ok
test_output_limit_and_authentication (test_drafting.DraftingTests.test_output_limit_and_authentication) ... ok
test_project_inventory_keeps_legacy_and_work_separate (test_drafting.DraftingTests.test_project_inventory_keeps_legacy_and_work_separate) ... ok
test_revision_conflict_preserves_history (test_drafting.DraftingTests.test_revision_conflict_preserves_history) ... ok
test_timeout_stays_unknown_and_blocks_replacement (test_drafting.DraftingTests.test_timeout_stays_unknown_and_blocks_replacement) ... ok
test_access_and_authority_fields_refuse (test_workflow.WorkflowTests.test_access_and_authority_fields_refuse) ... ok
test_board_is_authenticated_read_only_and_matches_cli (test_workflow.WorkflowTests.test_board_is_authenticated_read_only_and_matches_cli) ... ok
test_concurrent_edits_have_one_winner (test_workflow.WorkflowTests.test_concurrent_edits_have_one_winner) ... ok
test_corrupt_revision_and_second_writer_refuse (test_workflow.WorkflowTests.test_corrupt_revision_and_second_writer_refuse) ... ok
test_create_sdk_source_and_restart (test_workflow.WorkflowTests.test_create_sdk_source_and_restart) ... ok
test_duplicate_json_and_symlink_revision_refuse (test_workflow.WorkflowTests.test_duplicate_json_and_symlink_revision_refuse) ... ok
test_field_only_corruption_refuses (test_workflow.WorkflowTests.test_field_only_corruption_refuses) ... ok
test_project_inventory_keeps_legacy_and_work_separate (test_workflow.WorkflowTests.test_project_inventory_keeps_legacy_and_work_separate) ... ok
test_revision_conflict_preserves_history (test_workflow.WorkflowTests.test_revision_conflict_preserves_history) ... ok
test_access_and_authority_fields_refuse (test_execution.ExecutionTests.test_access_and_authority_fields_refuse) ... ok
test_admission_is_read_only_and_start_rechecks (test_execution.ExecutionTests.test_admission_is_read_only_and_start_rechecks) ... ok
test_admission_refusals_match_start (test_execution.ExecutionTests.test_admission_refusals_match_start) ... ok
test_admission_unavailable_base_is_unknown (test_execution.ExecutionTests.test_admission_unavailable_base_is_unknown) ... ok
test_advice_timeout_remains_unknown_without_restart_retry (test_execution.ExecutionTests.test_advice_timeout_remains_unknown_without_restart_retry) ... ok
test_advice_unknown_cost_refuses_before_process_launch (test_execution.ExecutionTests.test_advice_unknown_cost_refuses_before_process_launch) ... ok
test_adviser_cannot_inject_authority_fields (test_execution.ExecutionTests.test_adviser_cannot_inject_authority_fields) ... ok
test_automatic_advice_is_retained_without_resume_or_restart_duplicate (test_execution.ExecutionTests.test_automatic_advice_is_retained_without_resume_or_restart_duplicate) ... ok
test_board_is_authenticated_read_only_and_matches_cli (test_execution.ExecutionTests.test_board_is_authenticated_read_only_and_matches_cli) ... ok
test_changed_dependency_checks_invalidate_completion_eligibility (test_execution.ExecutionTests.test_changed_dependency_checks_invalidate_completion_eligibility) ... ok
test_changed_subject_and_authority_input_refuse (test_execution.ExecutionTests.test_changed_subject_and_authority_input_refuse) ... ok
test_checkpoint_reconfirmation_expires_after_more_independent_work (test_execution.ExecutionTests.test_checkpoint_reconfirmation_expires_after_more_independent_work) ... ok
test_concurrent_edits_have_one_winner (test_execution.ExecutionTests.test_concurrent_edits_have_one_winner) ... ok
test_concurrent_resume_claims_launch_one_attempt (test_execution.ExecutionTests.test_concurrent_resume_claims_launch_one_attempt) ... ok
test_corrupt_revision_and_second_writer_refuse (test_execution.ExecutionTests.test_corrupt_revision_and_second_writer_refuse) ... ok
test_create_sdk_source_and_restart (test_execution.ExecutionTests.test_create_sdk_source_and_restart) ... ok
test_direct_human_question_is_never_sent_to_automatic_adviser (test_execution.ExecutionTests.test_direct_human_question_is_never_sent_to_automatic_adviser) ... ok
test_duplicate_json_and_symlink_revision_refuse (test_execution.ExecutionTests.test_duplicate_json_and_symlink_revision_refuse) ... ok
test_duplicate_result_fields_refuse (test_execution.ExecutionTests.test_duplicate_result_fields_refuse) ... ok
test_duplicate_timeout_and_restart_block_replacement (test_execution.ExecutionTests.test_duplicate_timeout_and_restart_block_replacement) ... ok
test_editing_question_source_refuses_resume (test_execution.ExecutionTests.test_editing_question_source_refuses_resume) ... ok
test_execute_exact_draft_in_isolated_worktree (test_execution.ExecutionTests.test_execute_exact_draft_in_isolated_worktree) ... ok
test_explicit_retry_budget_and_result_identity (test_execution.ExecutionTests.test_explicit_retry_budget_and_result_identity) ... ok
test_failing_check_never_completes (test_execution.ExecutionTests.test_failing_check_never_completes) ... ok
test_field_only_corruption_refuses (test_execution.ExecutionTests.test_field_only_corruption_refuses) ... ok
test_forged_result_never_completes (test_execution.ExecutionTests.test_forged_result_never_completes) ... ok
test_governing_question_is_never_sent_to_automatic_adviser (test_execution.ExecutionTests.test_governing_question_is_never_sent_to_automatic_adviser) ... ok
test_hotline_blocks_dependency_but_not_independent_warrant (test_execution.ExecutionTests.test_hotline_blocks_dependency_but_not_independent_warrant) ... ok
test_hotline_checkpoint_waits_without_completion_or_start_bypass (test_execution.ExecutionTests.test_hotline_checkpoint_waits_without_completion_or_start_bypass) ... ok
test_interrupted_adviser_keeps_initial_record_unknown (test_execution.ExecutionTests.test_interrupted_adviser_keeps_initial_record_unknown) ... ok
test_invalid_unicode_result_persists_failed_terminal_record (test_execution.ExecutionTests.test_invalid_unicode_result_persists_failed_terminal_record) ... ok
test_nonreading_harness_respects_deadline (test_execution.ExecutionTests.test_nonreading_harness_respects_deadline) ... ok
test_other_state_cannot_create_second_warrant_worktree (test_execution.ExecutionTests.test_other_state_cannot_create_second_warrant_worktree) ... ok
test_reconfirm_changed_checkpoint_preserves_answers_and_resumes_once (test_execution.ExecutionTests.test_reconfirm_changed_checkpoint_preserves_answers_and_resumes_once) ... ok
test_restart_during_live_attempt_is_unknown (test_execution.ExecutionTests.test_restart_during_live_attempt_is_unknown) ... ok
test_resume_preserves_consumed_time_and_unknown_refuses_new_writer (test_execution.ExecutionTests.test_resume_preserves_consumed_time_and_unknown_refuses_new_writer) ... ok
test_revision_conflict_preserves_history (test_execution.ExecutionTests.test_revision_conflict_preserves_history) ... ok
test_stage_cannot_regress_previously_completed_prerequisite (test_execution.ExecutionTests.test_stage_cannot_regress_previously_completed_prerequisite) ... ok
test_stage_question_blocks_dependents_but_independent_stage_runs (test_execution.ExecutionTests.test_stage_question_blocks_dependents_but_independent_stage_runs) ... ok
test_stage_selection_is_authenticated_current_and_does_not_dispatch (test_execution.ExecutionTests.test_stage_selection_is_authenticated_current_and_does_not_dispatch) ... ok
test_stages_dispatch_in_order_and_only_full_result_completes_warrant (test_execution.ExecutionTests.test_stages_dispatch_in_order_and_only_full_result_completes_warrant) ... ok
test_timeout_retains_observed_diagnostics (test_execution.ExecutionTests.test_timeout_retains_observed_diagnostics) ... ok
test_unicode_check_output_cannot_lose_terminal_record (test_execution.ExecutionTests.test_unicode_check_output_cannot_lose_terminal_record) ... ok
test_unknown_cost_and_verified_start_refuse (test_execution.ExecutionTests.test_unknown_cost_and_verified_start_refuse) ... ok
test_work_report_failed_checks_have_no_completion_signal (test_execution.ExecutionTests.test_work_report_failed_checks_have_no_completion_signal) ... ok
test_work_report_is_persisted_read_only_and_configurable (test_execution.ExecutionTests.test_work_report_is_persisted_read_only_and_configurable) ... ok
test_access_and_authority_fields_refuse (test_workflow.WorkflowTests.test_access_and_authority_fields_refuse) ... ok
test_board_is_authenticated_read_only_and_matches_cli (test_workflow.WorkflowTests.test_board_is_authenticated_read_only_and_matches_cli) ... ok
test_concurrent_edits_have_one_winner (test_workflow.WorkflowTests.test_concurrent_edits_have_one_winner) ... ok
test_corrupt_revision_and_second_writer_refuse (test_workflow.WorkflowTests.test_corrupt_revision_and_second_writer_refuse) ... ok
test_create_sdk_source_and_restart (test_workflow.WorkflowTests.test_create_sdk_source_and_restart) ... ok
test_duplicate_json_and_symlink_revision_refuse (test_workflow.WorkflowTests.test_duplicate_json_and_symlink_revision_refuse) ... ok
test_field_only_corruption_refuses (test_workflow.WorkflowTests.test_field_only_corruption_refuses) ... ok
test_project_inventory_keeps_legacy_and_work_separate (test_workflow.WorkflowTests.test_project_inventory_keeps_legacy_and_work_separate) ... ok
test_revision_conflict_preserves_history (test_workflow.WorkflowTests.test_revision_conflict_preserves_history) ... ok
test_duplicate_credentials_and_wildcard_authority_refuse (test_hotline.HotlineContracts.test_duplicate_credentials_and_wildcard_authority_refuse) ... ok
test_exact_question_basis_and_credential_derived_answer (test_hotline.HotlineContracts.test_exact_question_basis_and_credential_derived_answer) ... ok
test_governing_scope_and_direct_human_are_distinct (test_hotline.HotlineContracts.test_governing_scope_and_direct_human_are_distinct) ... ok
test_subject_checkpoint_and_claim_refusals (test_hotline.HotlineContracts.test_subject_checkpoint_and_claim_refusals) ... ok
test_changed_policy_preserves_history_but_cannot_discharge_current_work (test_reporting.ReportTests.test_changed_policy_preserves_history_but_cannot_discharge_current_work) ... ok
test_deterministic_scoped_overview_and_escaped_offline_html (test_reporting.ReportTests.test_deterministic_scoped_overview_and_escaped_offline_html) ... ok
test_incomplete_or_unestablished_results_never_emit_signal (test_reporting.ReportTests.test_incomplete_or_unestablished_results_never_emit_signal) ... ok
test_whole_warrant_checks_cannot_replace_required_stage_evidence (test_reporting.ReportTests.test_whole_warrant_checks_cannot_replace_required_stage_evidence) ... ok
test_dirty_or_moved_revision_refuses_before_check_launch (test_stage_checks.StageCheckpointTests.test_dirty_or_moved_revision_refuses_before_check_launch) ... ok
test_failed_branch_skips_transitive_checks_but_runs_independent_stage (test_stage_checks.StageCheckpointTests.test_failed_branch_skips_transitive_checks_but_runs_independent_stage) ... ok
test_failing_prerequisite_cannot_establish_passing_successor (test_stage_checks.StageCheckpointTests.test_failing_prerequisite_cannot_establish_passing_successor) ... ok
test_mutating_check_is_unknown_even_with_zero_exit (test_stage_checks.StageCheckpointTests.test_mutating_check_is_unknown_even_with_zero_exit) ... ok
test_real_checks_establish_current_stage_evidence (test_stage_checks.StageCheckpointTests.test_real_checks_establish_current_stage_evidence) ... ok
test_time_bound_and_missing_prerequisite_refuse (test_stage_checks.StageCheckpointTests.test_time_bound_and_missing_prerequisite_refuse) ... ok
test_bad_graphs_and_contradictory_observations_refuse (test_stages.StagePlanningTests.test_bad_graphs_and_contradictory_observations_refuse) ... ok
test_block_propagates_but_independent_stage_remains_ready (test_stages.StagePlanningTests.test_block_propagates_but_independent_stage_remains_ready) ... ok
test_one_writer_serializes_independent_stages_and_new_block_requests_stop (test_stages.StagePlanningTests.test_one_writer_serializes_independent_stages_and_new_block_requests_stop) ... ok
test_plan_is_deterministic_and_does_not_modify_input (test_stages.StagePlanningTests.test_plan_is_deterministic_and_does_not_modify_input) ... ok
test_stage_completion_needs_exact_source_revision_plan_and_checks (test_stages.StagePlanningTests.test_stage_completion_needs_exact_source_revision_plan_and_checks) ... ok
test_stage_policy_requires_outcome_checks_and_valid_graph (test_stages.StagePlanningTests.test_stage_policy_requires_outcome_checks_and_valid_graph) ... ok
test_every_changed_candidate_basis_invalidates_previous_result (test_verification.VerificationContractTests.test_every_changed_candidate_basis_invalidates_previous_result) ... ok
test_exact_result_is_copied_without_qualification (test_verification.VerificationContractTests.test_exact_result_is_copied_without_qualification) ... ok
test_self_verifier_changed_source_and_unbounded_input_refuse (test_verification.VerificationContractTests.test_self_verifier_changed_source_and_unbounded_input_refuse) ... ok
test_unknown_and_observed_failure_remain_distinct (test_verification.VerificationContractTests.test_unknown_and_observed_failure_remain_distinct) ... ok
test_modified_bytes_wrong_key_and_other_signature_namespace_refuse (test_verifier_attestation.VerifierAttestationTests.test_modified_bytes_wrong_key_and_other_signature_namespace_refuse) ... ok
test_signed_machine_observations_preserve_unknown_without_qualification (test_verifier_attestation.VerifierAttestationTests.test_signed_machine_observations_preserve_unknown_without_qualification) ... ok
test_stale_claim_time_and_injected_authority_refuse_even_with_valid_signature (test_verifier_attestation.VerifierAttestationTests.test_stale_claim_time_and_injected_authority_refuse_even_with_valid_signature) ... ok
test_aggregate_across_ids_and_repairs_never_resets (test_verifier_budget.VerifierBudgetTests.test_aggregate_across_ids_and_repairs_never_resets) ... ok
test_missing_invalid_or_uncertain_usage_never_counts_as_zero (test_verifier_budget.VerifierBudgetTests.test_missing_invalid_or_uncertain_usage_never_counts_as_zero) ... ok
test_prepared_and_other_warrants_do_not_spend_this_warrant_budget (test_verifier_budget.VerifierBudgetTests.test_prepared_and_other_warrants_do_not_spend_this_warrant_budget) ... ok
test_unknown_cost_refuses_either_hard_cap_and_stays_unknown_when_unlimited (test_verifier_budget.VerifierBudgetTests.test_unknown_cost_refuses_either_hard_cap_and_stays_unknown_when_unlimited) ... ok
test_changed_policy_after_verifier_pass_becomes_unknown (test_verifier_controller.VerifierControllerTests.test_changed_policy_after_verifier_pass_becomes_unknown) ... ok
test_dirty_candidate_refuses_before_claim_consumption (test_verifier_controller.VerifierControllerTests.test_dirty_candidate_refuses_before_claim_consumption) ... ok
test_mutated_performer_workspace_invalidates_otherwise_passing_result (test_verifier_controller.VerifierControllerTests.test_mutated_performer_workspace_invalidates_otherwise_passing_result) ... ok
test_real_process_success_is_durable_and_replay_does_not_launch (test_verifier_controller.VerifierControllerTests.test_real_process_success_is_durable_and_replay_does_not_launch) ... ok
test_changed_request_or_configuration_cannot_reuse_claim (test_verifier_dispatch.VerifierDispatchTests.test_changed_request_or_configuration_cannot_reuse_claim) ... ok
test_forged_or_wrong_nonce_receipt_cannot_launch (test_verifier_dispatch.VerifierDispatchTests.test_forged_or_wrong_nonce_receipt_cannot_launch) ... ok
test_signed_exact_claim_consumes_once_and_retains_signed_bytes (test_verifier_dispatch.VerifierDispatchTests.test_signed_exact_claim_consumes_once_and_retains_signed_bytes) ... ok
test_signed_unknown_or_fail_never_consumes_claim (test_verifier_dispatch.VerifierDispatchTests.test_signed_unknown_or_fail_never_consumes_claim) ... ok
test_conflicting_id_stale_result_and_unconsumed_finish_refuse (test_verifier_jobs.VerifierJobsTests.test_conflicting_id_stale_result_and_unconsumed_finish_refuse) ... ok
test_deleted_predecessor_and_tampered_record_are_not_success (test_verifier_jobs.VerifierJobsTests.test_deleted_predecessor_and_tampered_record_are_not_success) ... ok
test_racing_controllers_acquire_exactly_one_launch (test_verifier_jobs.VerifierJobsTests.test_racing_controllers_acquire_exactly_one_launch) ... ok
test_restart_retains_claim_and_never_relaunches_consumed_work (test_verifier_jobs.VerifierJobsTests.test_restart_retains_claim_and_never_relaunches_consumed_work) ... ok
test_unknown_outcome_and_symlink_refusal (test_verifier_jobs.VerifierJobsTests.test_unknown_outcome_and_symlink_refusal) ... ok
test_configuration_cannot_invent_capabilities_or_self_verification (test_verifier_policy.VerifierPolicyTests.test_configuration_cannot_invent_capabilities_or_self_verification) ... ok
test_missing_evidence_is_unknown_and_ready_never_grants_dispatch (test_verifier_policy.VerifierPolicyTests.test_missing_evidence_is_unknown_and_ready_never_grants_dispatch) ... ok
test_stale_policy_wrong_performer_and_unknown_cap_refuse (test_verifier_policy.VerifierPolicyTests.test_stale_policy_wrong_performer_and_unknown_cap_refuse) ... ok
test_failed_protected_check_can_request_repair_but_pass_cannot (test_verifier_repair.VerifierRepairTests.test_failed_protected_check_can_request_repair_but_pass_cannot) ... ok
test_repairable_failure_keeps_default_three_and_no_dispatch_grant (test_verifier_repair.VerifierRepairTests.test_repairable_failure_keeps_default_three_and_no_dispatch_grant) ... ok
test_resume_and_other_warrants_do_not_consume_repair_cycles (test_verifier_repair.VerifierRepairTests.test_resume_and_other_warrants_do_not_consume_repair_cycles) ... ok
test_same_verification_cannot_dispatch_second_repair (test_verifier_repair.VerifierRepairTests.test_same_verification_cannot_dispatch_second_repair) ... ok
test_selected_zero_or_one_limit_overrides_default (test_verifier_repair.VerifierRepairTests.test_selected_zero_or_one_limit_overrides_default) ... ok
test_unknown_nonrepairable_missing_evidence_and_live_verifier_block (test_verifier_repair.VerifierRepairTests.test_unknown_nonrepairable_missing_evidence_and_live_verifier_block) ... ok
test_failure_repair_new_revision_and_independent_pass_preserve_history (test_verifier_repair_execution.RepairExecutionTests.test_failure_repair_new_revision_and_independent_pass_preserve_history) ... ok
test_limit_budget_and_stale_candidate_refuse_before_repair_claim (test_verifier_repair_execution.RepairExecutionTests.test_limit_budget_and_stale_candidate_refuse_before_repair_claim) ... ok
test_failed_check_skips_verifier_and_retains_observed_failure (test_verifier_run.VerifierRunTests.test_failed_check_skips_verifier_and_retains_observed_failure) ... ok
test_real_check_and_verifier_pass_on_separate_exact_candidate (test_verifier_run.VerifierRunTests.test_real_check_and_verifier_pass_on_separate_exact_candidate) ... ok
test_stale_verifier_result_and_timeout_stay_unknown (test_verifier_run.VerifierRunTests.test_stale_verifier_result_and_timeout_stay_unknown) ... ok
test_verifier_mutation_cannot_return_pass (test_verifier_run.VerifierRunTests.test_verifier_mutation_cannot_return_pass) ... ok
test_disabled_service_and_unknown_writer_refuse_without_preparation (test_verifier_service.VerifierServiceTests.test_disabled_service_and_unknown_writer_refuse_without_preparation) ... ok
test_http_budget_refusal_precedes_claim_consumption (test_verifier_service.VerifierServiceTests.test_http_budget_refusal_precedes_claim_consumption) ... ok
test_http_forged_receipt_refuses_before_consumption (test_verifier_service.VerifierServiceTests.test_http_forged_receipt_refuses_before_consumption) ... ok
test_http_preparation_is_idempotent_and_restart_preserves_request (test_verifier_service.VerifierServiceTests.test_http_preparation_is_idempotent_and_restart_preserves_request) ... ok
test_http_refuses_unlocked_authority_injection_and_changed_identity (test_verifier_service.VerifierServiceTests.test_http_refuses_unlocked_authority_injection_and_changed_identity) ... ok
test_http_signed_dispatch_finishes_and_replay_cannot_launch_again (test_verifier_service.VerifierServiceTests.test_http_signed_dispatch_finishes_and_replay_cannot_launch_again) ... ok
test_interrupted_consumed_job_blocks_new_dispatch (test_verifier_service.VerifierServiceTests.test_interrupted_consumed_job_blocks_new_dispatch) ... ok
test_changed_source_policy_harness_and_worktree_refuse (test_verifier_snapshot.VerifierSnapshotTests.test_changed_source_policy_harness_and_worktree_refuse) ... ok
test_config_symlink_and_unsupported_issuer_fields_refuse (test_verifier_snapshot.VerifierSnapshotTests.test_config_symlink_and_unsupported_issuer_fields_refuse) ... ok
test_reads_fresh_configuration_and_returns_detached_state (test_verifier_snapshot.VerifierSnapshotTests.test_reads_fresh_configuration_and_returns_detached_state) ... ok
test_running_unknown_and_missing_dependency_refuse (test_verifier_snapshot.VerifierSnapshotTests.test_running_unknown_and_missing_dependency_refuse) ... ok
test_exact_candidate_has_separate_refs_and_no_performer_scratch (test_verifier_workspace.VerifierWorkspaceTests.test_exact_candidate_has_separate_refs_and_no_performer_scratch) ... ok
test_existing_nested_or_symlink_destination_refuses_without_overwrite (test_verifier_workspace.VerifierWorkspaceTests.test_existing_nested_or_symlink_destination_refuses_without_overwrite) ... ok
test_missing_candidate_and_mutation_cannot_pass (test_verifier_workspace.VerifierWorkspaceTests.test_missing_candidate_and_mutation_cannot_pass) ... ok
test_access_and_authority_fields_refuse (test_workflow.WorkflowTests.test_access_and_authority_fields_refuse) ... ok
test_board_is_authenticated_read_only_and_matches_cli (test_workflow.WorkflowTests.test_board_is_authenticated_read_only_and_matches_cli) ... ok
test_concurrent_edits_have_one_winner (test_workflow.WorkflowTests.test_concurrent_edits_have_one_winner) ... ok
test_corrupt_revision_and_second_writer_refuse (test_workflow.WorkflowTests.test_corrupt_revision_and_second_writer_refuse) ... ok
test_create_sdk_source_and_restart (test_workflow.WorkflowTests.test_create_sdk_source_and_restart) ... ok
test_duplicate_json_and_symlink_revision_refuse (test_workflow.WorkflowTests.test_duplicate_json_and_symlink_revision_refuse) ... ok
test_field_only_corruption_refuses (test_workflow.WorkflowTests.test_field_only_corruption_refuses) ... ok
test_project_inventory_keeps_legacy_and_work_separate (test_workflow.WorkflowTests.test_project_inventory_keeps_legacy_and_work_separate) ... ok
test_revision_conflict_preserves_history (test_workflow.WorkflowTests.test_revision_conflict_preserves_history) ... ok

----------------------------------------------------------------------
Ran 162 tests in 49.266s

OK
