workflow	Run python3 -m unittest discover -s apps/openwarrant-web -v	﻿2026-09-30T23:04:54.4209563Z ##[group]Run python3 -m unittest discover -s apps/openwarrant-web -v
workflow	Run python3 -m unittest discover -s apps/openwarrant-web -v	2026-09-30T23:04:54.4210165Z ^[[36;1mpython3 -m unittest discover -s apps/openwarrant-web -v^[[0m
workflow	Run python3 -m unittest discover -s apps/openwarrant-web -v	2026-09-30T23:04:54.4275228Z shell: /usr/bin/bash -e {0}
workflow	Run python3 -m unittest discover -s apps/openwarrant-web -v	2026-09-30T23:04:54.4275532Z ##[endgroup]
workflow	Run python3 -m unittest discover -s apps/openwarrant-web -v	2026-09-30T23:04:54.7454720Z test_available_unavailable_and_unknown_remain_distinct (test_availability.AvailabilityTests.test_available_unavailable_and_unknown_remain_distinct) ... ok
workflow	Run python3 -m unittest discover -s apps/openwarrant-web -v	2026-09-30T23:04:56.0446339Z test_bad_observations_never_mean_available (test_availability.AvailabilityTests.test_bad_observations_never_mean_available) ... ok
workflow	Run python3 -m unittest discover -s apps/openwarrant-web -v	2026-09-30T23:04:56.0448187Z test_configuration_refuses_extra_command_fields (test_availability.AvailabilityTests.test_configuration_refuses_extra_command_fields) ... ok
workflow	Run python3 -m unittest discover -s apps/openwarrant-web -v	2026-09-30T23:04:56.7002386Z test_queued_stages_wait_for_checked_predecessor_in_one_worktree (test_dispatch_queue.QueueExecutionTests.test_queued_stages_wait_for_checked_predecessor_in_one_worktree) ... ok
workflow	Run python3 -m unittest discover -s apps/openwarrant-web -v	2026-09-30T23:04:57.7078279Z test_real_admission_gates_remain_binding_for_queued_work (test_dispatch_queue.QueueExecutionTests.test_real_admission_gates_remain_binding_for_queued_work) ... ok
workflow	Run python3 -m unittest discover -s apps/openwarrant-web -v	2026-09-30T23:04:58.0223208Z test_real_executor_retains_queue_binding_and_runs_required_checks (test_dispatch_queue.QueueExecutionTests.test_real_executor_retains_queue_binding_and_runs_required_checks) ... ok
workflow	Run python3 -m unittest discover -s apps/openwarrant-web -v	2026-09-30T23:04:58.0249485Z test_cancel_survives_restart (test_dispatch_queue.QueueTests.test_cancel_survives_restart) ... ok
workflow	Run python3 -m unittest discover -s apps/openwarrant-web -v	2026-09-30T23:04:58.0321013Z test_consumed_crash_never_replays_with_or_without_attempt (test_dispatch_queue.QueueTests.test_consumed_crash_never_replays_with_or_without_attempt) ... ok
workflow	Run python3 -m unittest discover -s apps/openwarrant-web -v	2026-09-30T23:04:58.0338800Z test_current_admission_and_configuration_block (test_dispatch_queue.QueueTests.test_current_admission_and_configuration_block) ... ok
workflow	Run python3 -m unittest discover -s apps/openwarrant-web -v	2026-09-30T23:04:58.0369793Z test_one_probe_per_poll_rotates_waiting_work (test_dispatch_queue.QueueTests.test_one_probe_per_poll_rotates_waiting_work) ... ok
workflow	Run python3 -m unittest discover -s apps/openwarrant-web -v	2026-09-30T23:04:58.0387602Z test_unknown_and_corrupt_history_cannot_dispatch (test_dispatch_queue.QueueTests.test_unknown_and_corrupt_history_cannot_dispatch) ... ok
workflow	Run python3 -m unittest discover -s apps/openwarrant-web -v	2026-09-30T23:04:58.0429079Z test_wait_then_dispatch_once_and_restart (test_dispatch_queue.QueueTests.test_wait_then_dispatch_once_and_restart) ... ok
workflow	Run python3 -m unittest discover -s apps/openwarrant-web -v	2026-09-30T23:04:58.1368093Z test_access_and_authority_fields_refuse (test_drafting.DraftingTests.test_access_and_authority_fields_refuse) ... ok
workflow	Run python3 -m unittest discover -s apps/openwarrant-web -v	2026-09-30T23:05:08.2239709Z test_board_is_authenticated_read_only_and_matches_cli (test_drafting.DraftingTests.test_board_is_authenticated_read_only_and_matches_cli) ... FAIL
workflow	Run python3 -m unittest discover -s apps/openwarrant-web -v	2026-09-30T23:05:08.3381590Z test_concurrent_edits_have_one_winner (test_drafting.DraftingTests.test_concurrent_edits_have_one_winner) ... ok
workflow	Run python3 -m unittest discover -s apps/openwarrant-web -v	2026-09-30T23:05:08.5677835Z test_corrupt_revision_and_second_writer_refuse (test_drafting.DraftingTests.test_corrupt_revision_and_second_writer_refuse) ... ok
workflow	Run python3 -m unittest discover -s apps/openwarrant-web -v	2026-09-30T23:05:08.9838878Z test_cost_and_context_refusals_precede_dispatch (test_drafting.DraftingTests.test_cost_and_context_refusals_precede_dispatch) ... ok
workflow	Run python3 -m unittest discover -s apps/openwarrant-web -v	2026-09-30T23:05:09.1688570Z test_create_sdk_source_and_restart (test_drafting.DraftingTests.test_create_sdk_source_and_restart) ... ok
workflow	Run python3 -m unittest discover -s apps/openwarrant-web -v	2026-09-30T23:05:09.2683183Z test_duplicate_json_and_symlink_revision_refuse (test_drafting.DraftingTests.test_duplicate_json_and_symlink_revision_refuse) ... ok
workflow	Run python3 -m unittest discover -s apps/openwarrant-web -v	2026-09-30T23:05:09.3667243Z test_field_only_corruption_refuses (test_drafting.DraftingTests.test_field_only_corruption_refuses) ... ok
workflow	Run python3 -m unittest discover -s apps/openwarrant-web -v	2026-09-30T23:05:09.6231440Z test_generated_source_is_unsaved_then_saved_through_sdk_and_replay_is_safe (test_drafting.DraftingTests.test_generated_source_is_unsaved_then_saved_through_sdk_and_replay_is_safe) ... ok
workflow	Run python3 -m unittest discover -s apps/openwarrant-web -v	2026-09-30T23:05:09.8451910Z test_interrupted_initial_record_survives_restart_as_unknown (test_drafting.DraftingTests.test_interrupted_initial_record_survives_restart_as_unknown) ... ok
workflow	Run python3 -m unittest discover -s apps/openwarrant-web -v	2026-09-30T23:05:09.9864775Z test_invalid_authority_fields_and_malformed_output_never_save (test_drafting.DraftingTests.test_invalid_authority_fields_and_malformed_output_never_save) ... ok
workflow	Run python3 -m unittest discover -s apps/openwarrant-web -v	2026-09-30T23:05:10.1644662Z test_missing_harness_records_failure_without_saving_or_replaying (test_drafting.DraftingTests.test_missing_harness_records_failure_without_saving_or_replaying) ... ok
workflow	Run python3 -m unittest discover -s apps/openwarrant-web -v	2026-09-30T23:05:10.2811212Z test_output_limit_and_authentication (test_drafting.DraftingTests.test_output_limit_and_authentication) ... ok
workflow	Run python3 -m unittest discover -s apps/openwarrant-web -v	2026-09-30T23:05:20.3130679Z test_project_inventory_keeps_legacy_and_work_separate (test_drafting.DraftingTests.test_project_inventory_keeps_legacy_and_work_separate) ... ok
workflow	Run python3 -m unittest discover -s apps/openwarrant-web -v	2026-09-30T23:05:20.5113207Z test_revision_conflict_preserves_history (test_drafting.DraftingTests.test_revision_conflict_preserves_history) ... ok
workflow	Run python3 -m unittest discover -s apps/openwarrant-web -v	2026-09-30T23:05:22.7143149Z test_timeout_stays_unknown_and_blocks_replacement (test_drafting.DraftingTests.test_timeout_stays_unknown_and_blocks_replacement) ... ok
workflow	Run python3 -m unittest discover -s apps/openwarrant-web -v	2026-09-30T23:05:22.8085438Z test_access_and_authority_fields_refuse (test_workflow.WorkflowTests.test_access_and_authority_fields_refuse) ... ok
workflow	Run python3 -m unittest discover -s apps/openwarrant-web -v	2026-09-30T23:05:32.8957051Z test_board_is_authenticated_read_only_and_matches_cli (test_workflow.WorkflowTests.test_board_is_authenticated_read_only_and_matches_cli) ... FAIL
workflow	Run python3 -m unittest discover -s apps/openwarrant-web -v	2026-09-30T23:05:33.0099982Z test_concurrent_edits_have_one_winner (test_workflow.WorkflowTests.test_concurrent_edits_have_one_winner) ... ok
workflow	Run python3 -m unittest discover -s apps/openwarrant-web -v	2026-09-30T23:05:33.2352809Z test_corrupt_revision_and_second_writer_refuse (test_workflow.WorkflowTests.test_corrupt_revision_and_second_writer_refuse) ... ok
workflow	Run python3 -m unittest discover -s apps/openwarrant-web -v	2026-09-30T23:05:33.4197344Z test_create_sdk_source_and_restart (test_workflow.WorkflowTests.test_create_sdk_source_and_restart) ... ok
workflow	Run python3 -m unittest discover -s apps/openwarrant-web -v	2026-09-30T23:05:33.5188381Z test_duplicate_json_and_symlink_revision_refuse (test_workflow.WorkflowTests.test_duplicate_json_and_symlink_revision_refuse) ... ok
workflow	Run python3 -m unittest discover -s apps/openwarrant-web -v	2026-09-30T23:05:33.6173971Z test_field_only_corruption_refuses (test_workflow.WorkflowTests.test_field_only_corruption_refuses) ... ok
workflow	Run python3 -m unittest discover -s apps/openwarrant-web -v	2026-09-30T23:05:43.6991571Z test_project_inventory_keeps_legacy_and_work_separate (test_workflow.WorkflowTests.test_project_inventory_keeps_legacy_and_work_separate) ... ok
workflow	Run python3 -m unittest discover -s apps/openwarrant-web -v	2026-09-30T23:05:43.8949068Z test_revision_conflict_preserves_history (test_workflow.WorkflowTests.test_revision_conflict_preserves_history) ... ok
workflow	Run python3 -m unittest discover -s apps/openwarrant-web -v	2026-09-30T23:05:44.0047603Z test_access_and_authority_fields_refuse (test_execution.ExecutionTests.test_access_and_authority_fields_refuse) ... ok
workflow	Run python3 -m unittest discover -s apps/openwarrant-web -v	2026-09-30T23:05:44.3262684Z test_admission_is_read_only_and_start_rechecks (test_execution.ExecutionTests.test_admission_is_read_only_and_start_rechecks) ... ok
workflow	Run python3 -m unittest discover -s apps/openwarrant-web -v	2026-09-30T23:05:44.7077621Z test_admission_refusals_match_start (test_execution.ExecutionTests.test_admission_refusals_match_start) ... ok
workflow	Run python3 -m unittest discover -s apps/openwarrant-web -v	2026-09-30T23:05:44.9958595Z test_admission_unavailable_base_is_unknown (test_execution.ExecutionTests.test_admission_unavailable_base_is_unknown) ... ok
workflow	Run python3 -m unittest discover -s apps/openwarrant-web -v	2026-09-30T23:05:46.5446193Z test_advice_timeout_remains_unknown_without_restart_retry (test_execution.ExecutionTests.test_advice_timeout_remains_unknown_without_restart_retry) ... ok
workflow	Run python3 -m unittest discover -s apps/openwarrant-web -v	2026-09-30T23:05:46.9927339Z test_advice_unknown_cost_refuses_before_process_launch (test_execution.ExecutionTests.test_advice_unknown_cost_refuses_before_process_launch) ... ok
workflow	Run python3 -m unittest discover -s apps/openwarrant-web -v	2026-09-30T23:05:47.5701524Z test_adviser_cannot_inject_authority_fields (test_execution.ExecutionTests.test_adviser_cannot_inject_authority_fields) ... ok
workflow	Run python3 -m unittest discover -s apps/openwarrant-web -v	2026-09-30T23:05:48.3710469Z test_automatic_advice_is_retained_without_resume_or_restart_duplicate (test_execution.ExecutionTests.test_automatic_advice_is_retained_without_resume_or_restart_duplicate) ... ok
workflow	Run python3 -m unittest discover -s apps/openwarrant-web -v	2026-09-30T23:05:48.4819867Z test_board_is_authenticated_read_only_and_matches_cli (test_execution.ExecutionTests.test_board_is_authenticated_read_only_and_matches_cli) ... ok
workflow	Run python3 -m unittest discover -s apps/openwarrant-web -v	2026-09-30T23:05:49.0775257Z test_changed_dependency_checks_invalidate_completion_eligibility (test_execution.ExecutionTests.test_changed_dependency_checks_invalidate_completion_eligibility) ... ok
workflow	Run python3 -m unittest discover -s apps/openwarrant-web -v	2026-09-30T23:05:49.2791443Z test_changed_subject_and_authority_input_refuse (test_execution.ExecutionTests.test_changed_subject_and_authority_input_refuse) ... ok
workflow	Run python3 -m unittest discover -s apps/openwarrant-web -v	2026-09-30T23:05:50.4285563Z test_checkpoint_reconfirmation_expires_after_more_independent_work (test_execution.ExecutionTests.test_checkpoint_reconfirmation_expires_after_more_independent_work) ... ok
workflow	Run python3 -m unittest discover -s apps/openwarrant-web -v	2026-09-30T23:05:50.5560244Z test_concurrent_edits_have_one_winner (test_execution.ExecutionTests.test_concurrent_edits_have_one_winner) ... ok
workflow	Run python3 -m unittest discover -s apps/openwarrant-web -v	2026-09-30T23:05:51.0509710Z test_concurrent_resume_claims_launch_one_attempt (test_execution.ExecutionTests.test_concurrent_resume_claims_launch_one_attempt) ... ok
workflow	Run python3 -m unittest discover -s apps/openwarrant-web -v	2026-09-30T23:05:51.2852957Z test_corrupt_revision_and_second_writer_refuse (test_execution.ExecutionTests.test_corrupt_revision_and_second_writer_refuse) ... ok
workflow	Run python3 -m unittest discover -s apps/openwarrant-web -v	2026-09-30T23:05:51.4862289Z test_create_sdk_source_and_restart (test_execution.ExecutionTests.test_create_sdk_source_and_restart) ... ok
workflow	Run python3 -m unittest discover -s apps/openwarrant-web -v	2026-09-30T23:05:51.9311077Z test_direct_human_question_is_never_sent_to_automatic_adviser (test_execution.ExecutionTests.test_direct_human_question_is_never_sent_to_automatic_adviser) ... ok
workflow	Run python3 -m unittest discover -s apps/openwarrant-web -v	2026-09-30T23:05:52.0451392Z test_duplicate_json_and_symlink_revision_refuse (test_execution.ExecutionTests.test_duplicate_json_and_symlink_revision_refuse) ... ok
workflow	Run python3 -m unittest discover -s apps/openwarrant-web -v	2026-09-30T23:05:52.4007041Z test_duplicate_result_fields_refuse (test_execution.ExecutionTests.test_duplicate_result_fields_refuse) ... ok
workflow	Run python3 -m unittest discover -s apps/openwarrant-web -v	2026-09-30T23:05:53.7929744Z test_duplicate_timeout_and_restart_block_replacement (test_execution.ExecutionTests.test_duplicate_timeout_and_restart_block_replacement) ... ok
workflow	Run python3 -m unittest discover -s apps/openwarrant-web -v	2026-09-30T23:05:54.1704346Z test_editing_question_source_refuses_resume (test_execution.ExecutionTests.test_editing_question_source_refuses_resume) ... ok
workflow	Run python3 -m unittest discover -s apps/openwarrant-web -v	2026-09-30T23:05:54.5737973Z test_execute_exact_draft_in_isolated_worktree (test_execution.ExecutionTests.test_execute_exact_draft_in_isolated_worktree) ... ok
workflow	Run python3 -m unittest discover -s apps/openwarrant-web -v	2026-09-30T23:05:55.0233544Z test_explicit_retry_budget_and_result_identity (test_execution.ExecutionTests.test_explicit_retry_budget_and_result_identity) ... ok
workflow	Run python3 -m unittest discover -s apps/openwarrant-web -v	2026-09-30T23:05:55.4031270Z test_failing_check_never_completes (test_execution.ExecutionTests.test_failing_check_never_completes) ... ok
workflow	Run python3 -m unittest discover -s apps/openwarrant-web -v	2026-09-30T23:05:55.5169024Z test_field_only_corruption_refuses (test_execution.ExecutionTests.test_field_only_corruption_refuses) ... ok
workflow	Run python3 -m unittest discover -s apps/openwarrant-web -v	2026-09-30T23:05:55.7892912Z test_forged_result_never_completes (test_execution.ExecutionTests.test_forged_result_never_completes) ... ok
workflow	Run python3 -m unittest discover -s apps/openwarrant-web -v	2026-09-30T23:05:56.2340717Z test_governing_question_is_never_sent_to_automatic_adviser (test_execution.ExecutionTests.test_governing_question_is_never_sent_to_automatic_adviser) ... ok
workflow	Run python3 -m unittest discover -s apps/openwarrant-web -v	2026-09-30T23:05:56.8241333Z test_hotline_blocks_dependency_but_not_independent_warrant (test_execution.ExecutionTests.test_hotline_blocks_dependency_but_not_independent_warrant) ... ok
workflow	Run python3 -m unittest discover -s apps/openwarrant-web -v	2026-09-30T23:05:57.9598692Z test_hotline_checkpoint_waits_without_completion_or_start_bypass (test_execution.ExecutionTests.test_hotline_checkpoint_waits_without_completion_or_start_bypass) ... ok
workflow	Run python3 -m unittest discover -s apps/openwarrant-web -v	2026-09-30T23:05:58.5118315Z test_interrupted_adviser_keeps_initial_record_unknown (test_execution.ExecutionTests.test_interrupted_adviser_keeps_initial_record_unknown) ... ok
workflow	Run python3 -m unittest discover -s apps/openwarrant-web -v	2026-09-30T23:05:58.7841236Z test_invalid_unicode_result_persists_failed_terminal_record (test_execution.ExecutionTests.test_invalid_unicode_result_persists_failed_terminal_record) ... ok
workflow	Run python3 -m unittest discover -s apps/openwarrant-web -v	2026-09-30T23:05:59.0707175Z test_next_work_authentication_and_verified_start_refusal (test_execution.ExecutionTests.test_next_work_authentication_and_verified_start_refusal) ... ok
workflow	Run python3 -m unittest discover -s apps/openwarrant-web -v	2026-09-30T23:05:59.3632106Z test_next_work_preserves_stage_dependencies_and_blocked_order (test_execution.ExecutionTests.test_next_work_preserves_stage_dependencies_and_blocked_order) ... ok
workflow	Run python3 -m unittest discover -s apps/openwarrant-web -v	2026-09-30T23:05:59.5685043Z test_next_work_reuses_admission_without_dispatch (test_execution.ExecutionTests.test_next_work_reuses_admission_without_dispatch) ... ok
workflow	Run python3 -m unittest discover -s apps/openwarrant-web -v	2026-09-30T23:06:00.9992865Z test_nonreading_harness_respects_deadline (test_execution.ExecutionTests.test_nonreading_harness_respects_deadline) ... ok
workflow	Run python3 -m unittest discover -s apps/openwarrant-web -v	2026-09-30T23:06:01.4173363Z test_other_state_cannot_create_second_warrant_worktree (test_execution.ExecutionTests.test_other_state_cannot_create_second_warrant_worktree) ... ok
workflow	Run python3 -m unittest discover -s apps/openwarrant-web -v	2026-09-30T23:06:02.6685923Z test_reconfirm_changed_checkpoint_preserves_answers_and_resumes_once (test_execution.ExecutionTests.test_reconfirm_changed_checkpoint_preserves_answers_and_resumes_once) ... ok
workflow	Run python3 -m unittest discover -s apps/openwarrant-web -v	2026-09-30T23:06:03.0059046Z test_restart_during_live_attempt_is_unknown (test_execution.ExecutionTests.test_restart_during_live_attempt_is_unknown) ... ok
workflow	Run python3 -m unittest discover -s apps/openwarrant-web -v	2026-09-30T23:06:05.3525967Z test_resume_preserves_consumed_time_and_unknown_refuses_new_writer (test_execution.ExecutionTests.test_resume_preserves_consumed_time_and_unknown_refuses_new_writer) ... ok
workflow	Run python3 -m unittest discover -s apps/openwarrant-web -v	2026-09-30T23:06:05.5670385Z test_revision_conflict_preserves_history (test_execution.ExecutionTests.test_revision_conflict_preserves_history) ... ok
workflow	Run python3 -m unittest discover -s apps/openwarrant-web -v	2026-09-30T23:06:06.1923792Z test_stage_cannot_regress_previously_completed_prerequisite (test_execution.ExecutionTests.test_stage_cannot_regress_previously_completed_prerequisite) ... ok
workflow	Run python3 -m unittest discover -s apps/openwarrant-web -v	2026-09-30T23:06:06.8465906Z test_stage_question_blocks_dependents_but_independent_stage_runs (test_execution.ExecutionTests.test_stage_question_blocks_dependents_but_independent_stage_runs) ... ok
workflow	Run python3 -m unittest discover -s apps/openwarrant-web -v	2026-09-30T23:06:07.2738672Z test_stage_selection_is_authenticated_current_and_does_not_dispatch (test_execution.ExecutionTests.test_stage_selection_is_authenticated_current_and_does_not_dispatch) ... ok
workflow	Run python3 -m unittest discover -s apps/openwarrant-web -v	2026-09-30T23:06:07.9091246Z test_stages_dispatch_in_order_and_only_full_result_completes_warrant (test_execution.ExecutionTests.test_stages_dispatch_in_order_and_only_full_result_completes_warrant) ... ok
workflow	Run python3 -m unittest discover -s apps/openwarrant-web -v	2026-09-30T23:06:09.2270700Z test_timeout_retains_observed_diagnostics (test_execution.ExecutionTests.test_timeout_retains_observed_diagnostics) ... ok
workflow	Run python3 -m unittest discover -s apps/openwarrant-web -v	2026-09-30T23:06:09.9339187Z test_unicode_check_output_cannot_lose_terminal_record (test_execution.ExecutionTests.test_unicode_check_output_cannot_lose_terminal_record) ... ok
workflow	Run python3 -m unittest discover -s apps/openwarrant-web -v	2026-09-30T23:06:10.5104791Z test_unknown_cost_and_verified_start_refuse (test_execution.ExecutionTests.test_unknown_cost_and_verified_start_refuse) ... ok
workflow	Run python3 -m unittest discover -s apps/openwarrant-web -v	2026-09-30T23:06:10.8907684Z test_work_report_failed_checks_have_no_completion_signal (test_execution.ExecutionTests.test_work_report_failed_checks_have_no_completion_signal) ... ok
workflow	Run python3 -m unittest discover -s apps/openwarrant-web -v	2026-09-30T23:06:11.3825318Z test_work_report_is_persisted_read_only_and_configurable (test_execution.ExecutionTests.test_work_report_is_persisted_read_only_and_configurable) ... ok
workflow	Run python3 -m unittest discover -s apps/openwarrant-web -v	2026-09-30T23:06:11.4753589Z test_access_and_authority_fields_refuse (test_workflow.WorkflowTests.test_access_and_authority_fields_refuse) ... ok
workflow	Run python3 -m unittest discover -s apps/openwarrant-web -v	2026-09-30T23:06:21.5621235Z test_board_is_authenticated_read_only_and_matches_cli (test_workflow.WorkflowTests.test_board_is_authenticated_read_only_and_matches_cli) ... FAIL
workflow	Run python3 -m unittest discover -s apps/openwarrant-web -v	2026-09-30T23:06:21.6755727Z test_concurrent_edits_have_one_winner (test_workflow.WorkflowTests.test_concurrent_edits_have_one_winner) ... ok
workflow	Run python3 -m unittest discover -s apps/openwarrant-web -v	2026-09-30T23:06:21.9002201Z test_corrupt_revision_and_second_writer_refuse (test_workflow.WorkflowTests.test_corrupt_revision_and_second_writer_refuse) ... ok
workflow	Run python3 -m unittest discover -s apps/openwarrant-web -v	2026-09-30T23:06:22.0846683Z test_create_sdk_source_and_restart (test_workflow.WorkflowTests.test_create_sdk_source_and_restart) ... ok
workflow	Run python3 -m unittest discover -s apps/openwarrant-web -v	2026-09-30T23:06:22.1840599Z test_duplicate_json_and_symlink_revision_refuse (test_workflow.WorkflowTests.test_duplicate_json_and_symlink_revision_refuse) ... ok
workflow	Run python3 -m unittest discover -s apps/openwarrant-web -v	2026-09-30T23:06:22.2823141Z test_field_only_corruption_refuses (test_workflow.WorkflowTests.test_field_only_corruption_refuses) ... ok
workflow	Run python3 -m unittest discover -s apps/openwarrant-web -v	2026-09-30T23:06:32.1630707Z test_project_inventory_keeps_legacy_and_work_separate (test_workflow.WorkflowTests.test_project_inventory_keeps_legacy_and_work_separate) ... ok
workflow	Run python3 -m unittest discover -s apps/openwarrant-web -v	2026-09-30T23:06:32.3586543Z test_revision_conflict_preserves_history (test_workflow.WorkflowTests.test_revision_conflict_preserves_history) ... ok
workflow	Run python3 -m unittest discover -s apps/openwarrant-web -v	2026-09-30T23:06:32.3588922Z test_directory_refuses_as_nonregular (test_file_reads.FileReadTests.test_directory_refuses_as_nonregular) ... ok
workflow	Run python3 -m unittest discover -s apps/openwarrant-web -v	2026-09-30T23:06:32.4247464Z test_fifo_without_writer_refuses_before_blocking_open (test_file_reads.FileReadTests.test_fifo_without_writer_refuses_before_blocking_open) ... ok
workflow	Run python3 -m unittest discover -s apps/openwarrant-web -v	2026-09-30T23:06:32.4251496Z test_regular_file_limit_remains_exact (test_file_reads.FileReadTests.test_regular_file_limit_remains_exact) ... ok
workflow	Run python3 -m unittest discover -s apps/openwarrant-web -v	2026-09-30T23:06:32.4255689Z test_duplicate_credentials_and_wildcard_authority_refuse (test_hotline.HotlineContracts.test_duplicate_credentials_and_wildcard_authority_refuse) ... ok
workflow	Run python3 -m unittest discover -s apps/openwarrant-web -v	2026-09-30T23:06:32.4258449Z test_exact_question_basis_and_credential_derived_answer (test_hotline.HotlineContracts.test_exact_question_basis_and_credential_derived_answer) ... ok
workflow	Run python3 -m unittest discover -s apps/openwarrant-web -v	2026-09-30T23:06:32.4261768Z test_governing_scope_and_direct_human_are_distinct (test_hotline.HotlineContracts.test_governing_scope_and_direct_human_are_distinct) ... ok
workflow	Run python3 -m unittest discover -s apps/openwarrant-web -v	2026-09-30T23:06:32.4264126Z test_subject_checkpoint_and_claim_refusals (test_hotline.HotlineContracts.test_subject_checkpoint_and_claim_refusals) ... ok
workflow	Run python3 -m unittest discover -s apps/openwarrant-web -v	2026-09-30T23:06:36.9922727Z test_auth_wait_automatic_dispatch_and_restart (test_queue_http.QueueHTTPTests.test_auth_wait_automatic_dispatch_and_restart) ... ok
workflow	Run python3 -m unittest discover -s apps/openwarrant-web -v	2026-09-30T23:06:39.5709395Z test_cancelled_work_never_launches_after_restart (test_queue_http.QueueHTTPTests.test_cancelled_work_never_launches_after_restart) ... ok
workflow	Run python3 -m unittest discover -s apps/openwarrant-web -v	2026-09-30T23:06:39.5717693Z test_changed_policy_preserves_history_but_cannot_discharge_current_work (test_reporting.ReportTests.test_changed_policy_preserves_history_but_cannot_discharge_current_work) ... ok
workflow	Run python3 -m unittest discover -s apps/openwarrant-web -v	2026-09-30T23:06:39.5721525Z test_deterministic_scoped_overview_and_escaped_offline_html (test_reporting.ReportTests.test_deterministic_scoped_overview_and_escaped_offline_html) ... ok
workflow	Run python3 -m unittest discover -s apps/openwarrant-web -v	2026-09-30T23:06:39.5737559Z test_incomplete_or_unestablished_results_never_emit_signal (test_reporting.ReportTests.test_incomplete_or_unestablished_results_never_emit_signal) ... ok
workflow	Run python3 -m unittest discover -s apps/openwarrant-web -v	2026-09-30T23:06:39.5745618Z test_whole_warrant_checks_cannot_replace_required_stage_evidence (test_reporting.ReportTests.test_whole_warrant_checks_cannot_replace_required_stage_evidence) ... ok
workflow	Run python3 -m unittest discover -s apps/openwarrant-web -v	2026-09-30T23:06:39.6057955Z test_dirty_or_moved_revision_refuses_before_check_launch (test_stage_checks.StageCheckpointTests.test_dirty_or_moved_revision_refuses_before_check_launch) ... ok
workflow	Run python3 -m unittest discover -s apps/openwarrant-web -v	2026-09-30T23:06:39.6783180Z test_failed_branch_skips_transitive_checks_but_runs_independent_stage (test_stage_checks.StageCheckpointTests.test_failed_branch_skips_transitive_checks_but_runs_independent_stage) ... ok
workflow	Run python3 -m unittest discover -s apps/openwarrant-web -v	2026-09-30T23:06:39.7246726Z test_failing_prerequisite_cannot_establish_passing_successor (test_stage_checks.StageCheckpointTests.test_failing_prerequisite_cannot_establish_passing_successor) ... ok
workflow	Run python3 -m unittest discover -s apps/openwarrant-web -v	2026-09-30T23:06:39.7916652Z test_mutating_check_is_unknown_even_with_zero_exit (test_stage_checks.StageCheckpointTests.test_mutating_check_is_unknown_even_with_zero_exit) ... ok
workflow	Run python3 -m unittest discover -s apps/openwarrant-web -v	2026-09-30T23:06:39.8856781Z test_real_checks_establish_current_stage_evidence (test_stage_checks.StageCheckpointTests.test_real_checks_establish_current_stage_evidence) ... ok
workflow	Run python3 -m unittest discover -s apps/openwarrant-web -v	2026-09-30T23:06:40.0083515Z test_time_bound_and_missing_prerequisite_refuse (test_stage_checks.StageCheckpointTests.test_time_bound_and_missing_prerequisite_refuse) ... ok
workflow	Run python3 -m unittest discover -s apps/openwarrant-web -v	2026-09-30T23:06:40.0089754Z test_bad_graphs_and_contradictory_observations_refuse (test_stages.StagePlanningTests.test_bad_graphs_and_contradictory_observations_refuse) ... ok
workflow	Run python3 -m unittest discover -s apps/openwarrant-web -v	2026-09-30T23:06:40.0092064Z test_block_propagates_but_independent_stage_remains_ready (test_stages.StagePlanningTests.test_block_propagates_but_independent_stage_remains_ready) ... ok
workflow	Run python3 -m unittest discover -s apps/openwarrant-web -v	2026-09-30T23:06:40.0094327Z test_one_writer_serializes_independent_stages_and_new_block_requests_stop (test_stages.StagePlanningTests.test_one_writer_serializes_independent_stages_and_new_block_requests_stop) ... ok
workflow	Run python3 -m unittest discover -s apps/openwarrant-web -v	2026-09-30T23:06:40.0096527Z test_plan_is_deterministic_and_does_not_modify_input (test_stages.StagePlanningTests.test_plan_is_deterministic_and_does_not_modify_input) ... ok
workflow	Run python3 -m unittest discover -s apps/openwarrant-web -v	2026-09-30T23:06:40.0103550Z test_stage_completion_needs_exact_source_revision_plan_and_checks (test_stages.StagePlanningTests.test_stage_completion_needs_exact_source_revision_plan_and_checks) ... ok
workflow	Run python3 -m unittest discover -s apps/openwarrant-web -v	2026-09-30T23:06:40.0106435Z test_stage_policy_requires_outcome_checks_and_valid_graph (test_stages.StagePlanningTests.test_stage_policy_requires_outcome_checks_and_valid_graph) ... ok
workflow	Run python3 -m unittest discover -s apps/openwarrant-web -v	2026-09-30T23:06:40.0114885Z test_every_changed_candidate_basis_invalidates_previous_result (test_verification.VerificationContractTests.test_every_changed_candidate_basis_invalidates_previous_result) ... ok
workflow	Run python3 -m unittest discover -s apps/openwarrant-web -v	2026-09-30T23:06:40.0117242Z test_exact_result_is_copied_without_qualification (test_verification.VerificationContractTests.test_exact_result_is_copied_without_qualification) ... ok
workflow	Run python3 -m unittest discover -s apps/openwarrant-web -v	2026-09-30T23:06:40.0119829Z test_self_verifier_changed_source_and_unbounded_input_refuse (test_verification.VerificationContractTests.test_self_verifier_changed_source_and_unbounded_input_refuse) ... ok
workflow	Run python3 -m unittest discover -s apps/openwarrant-web -v	2026-09-30T23:06:40.0129162Z test_unknown_and_observed_failure_remain_distinct (test_verification.VerificationContractTests.test_unknown_and_observed_failure_remain_distinct) ... ok
workflow	Run python3 -m unittest discover -s apps/openwarrant-web -v	2026-09-30T23:06:40.0422620Z test_modified_bytes_wrong_key_and_other_signature_namespace_refuse (test_verifier_attestation.VerifierAttestationTests.test_modified_bytes_wrong_key_and_other_signature_namespace_refuse) ... ok
workflow	Run python3 -m unittest discover -s apps/openwarrant-web -v	2026-09-30T23:06:40.0549529Z test_signed_machine_observations_preserve_unknown_without_qualification (test_verifier_attestation.VerifierAttestationTests.test_signed_machine_observations_preserve_unknown_without_qualification) ... ok
workflow	Run python3 -m unittest discover -s apps/openwarrant-web -v	2026-09-30T23:06:40.1102270Z test_stale_claim_time_and_injected_authority_refuse_even_with_valid_signature (test_verifier_attestation.VerifierAttestationTests.test_stale_claim_time_and_injected_authority_refuse_even_with_valid_signature) ... ok
workflow	Run python3 -m unittest discover -s apps/openwarrant-web -v	2026-09-30T23:06:40.1103873Z test_aggregate_across_ids_and_repairs_never_resets (test_verifier_budget.VerifierBudgetTests.test_aggregate_across_ids_and_repairs_never_resets) ... ok
workflow	Run python3 -m unittest discover -s apps/openwarrant-web -v	2026-09-30T23:06:40.1105617Z test_missing_invalid_or_uncertain_usage_never_counts_as_zero (test_verifier_budget.VerifierBudgetTests.test_missing_invalid_or_uncertain_usage_never_counts_as_zero) ... ok
workflow	Run python3 -m unittest discover -s apps/openwarrant-web -v	2026-09-30T23:06:40.1107075Z test_prepared_and_other_warrants_do_not_spend_this_warrant_budget (test_verifier_budget.VerifierBudgetTests.test_prepared_and_other_warrants_do_not_spend_this_warrant_budget) ... ok
workflow	Run python3 -m unittest discover -s apps/openwarrant-web -v	2026-09-30T23:06:40.1108631Z test_unknown_cost_refuses_either_hard_cap_and_stays_unknown_when_unlimited (test_verifier_budget.VerifierBudgetTests.test_unknown_cost_refuses_either_hard_cap_and_stays_unknown_when_unlimited) ... ok
workflow	Run python3 -m unittest discover -s apps/openwarrant-web -v	2026-09-30T23:06:40.2527191Z test_changed_policy_after_verifier_pass_becomes_unknown (test_verifier_controller.VerifierControllerTests.test_changed_policy_after_verifier_pass_becomes_unknown) ... ok
workflow	Run python3 -m unittest discover -s apps/openwarrant-web -v	2026-09-30T23:06:40.2830069Z test_dirty_candidate_refuses_before_claim_consumption (test_verifier_controller.VerifierControllerTests.test_dirty_candidate_refuses_before_claim_consumption) ... ok
workflow	Run python3 -m unittest discover -s apps/openwarrant-web -v	2026-09-30T23:06:40.4260090Z test_mutated_performer_workspace_invalidates_otherwise_passing_result (test_verifier_controller.VerifierControllerTests.test_mutated_performer_workspace_invalidates_otherwise_passing_result) ... ok
workflow	Run python3 -m unittest discover -s apps/openwarrant-web -v	2026-09-30T23:06:40.5774103Z test_real_process_success_is_durable_and_replay_does_not_launch (test_verifier_controller.VerifierControllerTests.test_real_process_success_is_durable_and_replay_does_not_launch) ... ok
workflow	Run python3 -m unittest discover -s apps/openwarrant-web -v	2026-09-30T23:06:40.5775985Z test_absent_evidence_cannot_create_dispute_decision_basis (test_verifier_decision.VerifierDecisionTests.test_absent_evidence_cannot_create_dispute_decision_basis) ... ok
workflow	Run python3 -m unittest discover -s apps/openwarrant-web -v	2026-09-30T23:06:40.5777360Z test_ai_wrong_scope_and_wrong_credential_refuse (test_verifier_decision.VerifierDecisionTests.test_ai_wrong_scope_and_wrong_credential_refuse) ... ok
workflow	Run python3 -m unittest discover -s apps/openwarrant-web -v	2026-09-30T23:06:40.5778879Z test_human_decision_binds_scope_without_clearing_verdict_or_dispatching (test_verifier_decision.VerifierDecisionTests.test_human_decision_binds_scope_without_clearing_verdict_or_dispatching) ... ok
workflow	Run python3 -m unittest discover -s apps/openwarrant-web -v	2026-09-30T23:06:40.5798861Z test_stale_basis_missing_evidence_and_injected_authority_refuse (test_verifier_decision.VerifierDecisionTests.test_stale_basis_missing_evidence_and_injected_authority_refuse) ... ok
workflow	Run python3 -m unittest discover -s apps/openwarrant-web -v	2026-09-30T23:06:40.5898876Z test_changed_request_or_configuration_cannot_reuse_claim (test_verifier_dispatch.VerifierDispatchTests.test_changed_request_or_configuration_cannot_reuse_claim) ... ok
workflow	Run python3 -m unittest discover -s apps/openwarrant-web -v	2026-09-30T23:06:40.6156736Z test_forged_or_wrong_nonce_receipt_cannot_launch (test_verifier_dispatch.VerifierDispatchTests.test_forged_or_wrong_nonce_receipt_cannot_launch) ... ok
workflow	Run python3 -m unittest discover -s apps/openwarrant-web -v	2026-09-30T23:06:40.6350615Z test_signed_exact_claim_consumes_once_and_retains_signed_bytes (test_verifier_dispatch.VerifierDispatchTests.test_signed_exact_claim_consumes_once_and_retains_signed_bytes) ... ok
workflow	Run python3 -m unittest discover -s apps/openwarrant-web -v	2026-09-30T23:06:40.6611240Z test_signed_unknown_or_fail_never_consumes_claim (test_verifier_dispatch.VerifierDispatchTests.test_signed_unknown_or_fail_never_consumes_claim) ... ok
workflow	Run python3 -m unittest discover -s apps/openwarrant-web -v	2026-09-30T23:06:40.6693358Z test_conflicting_id_stale_result_and_unconsumed_finish_refuse (test_verifier_jobs.VerifierJobsTests.test_conflicting_id_stale_result_and_unconsumed_finish_refuse) ... ok
workflow	Run python3 -m unittest discover -s apps/openwarrant-web -v	2026-09-30T23:06:40.6739437Z test_deleted_predecessor_and_tampered_record_are_not_success (test_verifier_jobs.VerifierJobsTests.test_deleted_predecessor_and_tampered_record_are_not_success) ... ok
workflow	Run python3 -m unittest discover -s apps/openwarrant-web -v	2026-09-30T23:06:40.6900205Z test_racing_controllers_acquire_exactly_one_launch (test_verifier_jobs.VerifierJobsTests.test_racing_controllers_acquire_exactly_one_launch) ... ok
workflow	Run python3 -m unittest discover -s apps/openwarrant-web -v	2026-09-30T23:06:40.6977110Z test_restart_retains_claim_and_never_relaunches_consumed_work (test_verifier_jobs.VerifierJobsTests.test_restart_retains_claim_and_never_relaunches_consumed_work) ... ok
workflow	Run python3 -m unittest discover -s apps/openwarrant-web -v	2026-09-30T23:06:40.7019774Z test_unknown_outcome_and_symlink_refusal (test_verifier_jobs.VerifierJobsTests.test_unknown_outcome_and_symlink_refusal) ... ok
workflow	Run python3 -m unittest discover -s apps/openwarrant-web -v	2026-09-30T23:06:41.7207252Z test_automatic_repair_and_reverification_survive_driver_restart (test_verifier_loop.VerifierLoopTests.test_automatic_repair_and_reverification_survive_driver_restart) ... ok
workflow	Run python3 -m unittest discover -s apps/openwarrant-web -v	2026-09-30T23:06:42.0814105Z test_consumed_claim_without_live_worker_does_not_relaunch (test_verifier_loop.VerifierLoopTests.test_consumed_claim_without_live_worker_does_not_relaunch) ... ok
workflow	Run python3 -m unittest discover -s apps/openwarrant-web -v	2026-09-30T23:06:43.0831966Z test_file_inbox_drives_real_repair_loop_without_producer_calls (test_verifier_loop.VerifierLoopTests.test_file_inbox_drives_real_repair_loop_without_producer_calls) ... ok
workflow	Run python3 -m unittest discover -s apps/openwarrant-web -v	2026-09-30T23:06:44.9241594Z test_loop_follows_rebuttal_and_human_recheck_then_authorized_repair (test_verifier_loop.VerifierLoopTests.test_loop_follows_rebuttal_and_human_recheck_then_authorized_repair) ... ok
workflow	Run python3 -m unittest discover -s apps/openwarrant-web -v	2026-09-30T23:06:45.2708640Z test_missing_or_forged_receipt_never_consumes_claim (test_verifier_loop.VerifierLoopTests.test_missing_or_forged_receipt_never_consumes_claim) ... ok
workflow	Run python3 -m unittest discover -s apps/openwarrant-web -v	2026-09-30T23:06:45.7688536Z test_zero_repairs_stop_without_writer (test_verifier_loop.VerifierLoopTests.test_zero_repairs_stop_without_writer) ... ok
workflow	Run python3 -m unittest discover -s apps/openwarrant-web -v	2026-09-30T23:06:45.7691198Z test_configuration_cannot_invent_capabilities_or_self_verification (test_verifier_policy.VerifierPolicyTests.test_configuration_cannot_invent_capabilities_or_self_verification) ... ok
workflow	Run python3 -m unittest discover -s apps/openwarrant-web -v	2026-09-30T23:06:45.7695279Z test_missing_evidence_is_unknown_and_ready_never_grants_dispatch (test_verifier_policy.VerifierPolicyTests.test_missing_evidence_is_unknown_and_ready_never_grants_dispatch) ... ok
workflow	Run python3 -m unittest discover -s apps/openwarrant-web -v	2026-09-30T23:06:45.7697318Z test_stale_policy_wrong_performer_and_unknown_cap_refuse (test_verifier_policy.VerifierPolicyTests.test_stale_policy_wrong_performer_and_unknown_cap_refuse) ... ok
workflow	Run python3 -m unittest discover -s apps/openwarrant-web -v	2026-09-30T23:06:45.7706062Z test_directory_replacement_does_not_redirect_open_reader (test_verifier_receipts.ReceiptInboxTests.test_directory_replacement_does_not_redirect_open_reader) ... ok
workflow	Run python3 -m unittest discover -s apps/openwarrant-web -v	2026-09-30T23:06:45.7711163Z test_missing_waits_and_read_preserves_exact_envelope_without_authentication (test_verifier_receipts.ReceiptInboxTests.test_missing_waits_and_read_preserves_exact_envelope_without_authentication) ... ok
workflow	Run python3 -m unittest discover -s apps/openwarrant-web -v	2026-09-30T23:06:45.7720272Z test_symlink_fifo_oversize_and_extra_fields_refuse (test_verifier_receipts.ReceiptInboxTests.test_symlink_fifo_oversize_and_extra_fields_refuse) ... ok
workflow	Run python3 -m unittest discover -s apps/openwarrant-web -v	2026-09-30T23:06:45.7724326Z test_untrusted_identity_cannot_select_other_files (test_verifier_receipts.ReceiptInboxTests.test_untrusted_identity_cannot_select_other_files) ... ok
workflow	Run python3 -m unittest discover -s apps/openwarrant-web -v	2026-09-30T23:06:45.7726629Z test_failed_protected_check_can_request_repair_but_pass_cannot (test_verifier_repair.VerifierRepairTests.test_failed_protected_check_can_request_repair_but_pass_cannot) ... ok
workflow	Run python3 -m unittest discover -s apps/openwarrant-web -v	2026-09-30T23:06:45.7729150Z test_human_repair_decision_preserves_limits_evidence_and_unknown_refusal (test_verifier_repair.VerifierRepairTests.test_human_repair_decision_preserves_limits_evidence_and_unknown_refusal) ... ok
workflow	Run python3 -m unittest discover -s apps/openwarrant-web -v	2026-09-30T23:06:45.7731997Z test_repairable_failure_keeps_default_three_and_no_dispatch_grant (test_verifier_repair.VerifierRepairTests.test_repairable_failure_keeps_default_three_and_no_dispatch_grant) ... ok
workflow	Run python3 -m unittest discover -s apps/openwarrant-web -v	2026-09-30T23:06:45.7734887Z test_resume_and_other_warrants_do_not_consume_repair_cycles (test_verifier_repair.VerifierRepairTests.test_resume_and_other_warrants_do_not_consume_repair_cycles) ... ok
workflow	Run python3 -m unittest discover -s apps/openwarrant-web -v	2026-09-30T23:06:45.7736768Z test_same_verification_cannot_dispatch_second_repair (test_verifier_repair.VerifierRepairTests.test_same_verification_cannot_dispatch_second_repair) ... ok
workflow	Run python3 -m unittest discover -s apps/openwarrant-web -v	2026-09-30T23:06:45.7737863Z test_selected_zero_or_one_limit_overrides_default (test_verifier_repair.VerifierRepairTests.test_selected_zero_or_one_limit_overrides_default) ... ok
workflow	Run python3 -m unittest discover -s apps/openwarrant-web -v	2026-09-30T23:06:45.7739034Z test_unknown_nonrepairable_missing_evidence_and_live_verifier_block (test_verifier_repair.VerifierRepairTests.test_unknown_nonrepairable_missing_evidence_and_live_verifier_block) ... ok
workflow	Run python3 -m unittest discover -s apps/openwarrant-web -v	2026-09-30T23:06:46.6072294Z test_failure_repair_new_revision_and_independent_pass_preserve_history (test_verifier_repair_execution.RepairExecutionTests.test_failure_repair_new_revision_and_independent_pass_preserve_history) ... ok
workflow	Run python3 -m unittest discover -s apps/openwarrant-web -v	2026-09-30T23:06:47.1589725Z test_limit_budget_and_stale_candidate_refuse_before_repair_claim (test_verifier_repair_execution.RepairExecutionTests.test_limit_budget_and_stale_candidate_refuse_before_repair_claim) ... ok
workflow	Run python3 -m unittest discover -s apps/openwarrant-web -v	2026-09-30T23:06:48.2629279Z test_rebuttal_preserves_fail_and_unresolved_recheck_waits_for_human (test_verifier_repair_execution.RepairExecutionTests.test_rebuttal_preserves_fail_and_unresolved_recheck_waits_for_human) ... ok
workflow	Run python3 -m unittest discover -s apps/openwarrant-web -v	2026-09-30T23:06:48.7724123Z test_rebuttal_requires_existing_findings_and_evidence_without_authority_fields (test_verifier_repair_execution.RepairExecutionTests.test_rebuttal_requires_existing_findings_and_evidence_without_authority_fields) ... ok
workflow	Run python3 -m unittest discover -s apps/openwarrant-web -v	2026-09-30T23:06:49.7609662Z test_repair_hotline_resume_preserves_lineage_budget_and_single_cycle (test_verifier_repair_execution.RepairExecutionTests.test_repair_hotline_resume_preserves_lineage_budget_and_single_cycle) ... ok
workflow	Run python3 -m unittest discover -s apps/openwarrant-web -v	2026-09-30T23:06:50.8722223Z test_scope_revision_blocks_dispatch (test_verifier_repair_execution.RepairExecutionTests.test_scope_revision_blocks_dispatch) ... ok
workflow	Run python3 -m unittest discover -s apps/openwarrant-web -v	2026-09-30T23:06:51.9868271Z test_stop_blocks_dispatch (test_verifier_repair_execution.RepairExecutionTests.test_stop_blocks_dispatch) ... ok
workflow	Run python3 -m unittest discover -s apps/openwarrant-web -v	2026-09-30T23:06:53.4785393Z test_verify_again_requires_current_decision (test_verifier_repair_execution.RepairExecutionTests.test_verify_again_requires_current_decision) ... ok
workflow	Run python3 -m unittest discover -s apps/openwarrant-web -v	2026-09-30T23:06:54.5201681Z test_regressing_completed_stage_prevents_repair_completion (test_verifier_repair_execution.StagedRepairTests.test_regressing_completed_stage_prevents_repair_completion) ... ok
workflow	Run python3 -m unittest discover -s apps/openwarrant-web -v	2026-09-30T23:06:55.7635134Z test_repair_rechecks_every_stage_then_independently_verifies_new_commit (test_verifier_repair_execution.StagedRepairTests.test_repair_rechecks_every_stage_then_independently_verifies_new_commit) ... ok
workflow	Run python3 -m unittest discover -s apps/openwarrant-web -v	2026-09-30T23:06:56.5855206Z test_configured_http_report_exports_supplement (test_verifier_reporting.VerificationReportTests.test_configured_http_report_exports_supplement) ... ok
workflow	Run python3 -m unittest discover -s apps/openwarrant-web -v	2026-09-30T23:06:57.4362499Z test_offline_report_retains_failed_and_repaired_candidates (test_verifier_reporting.VerificationReportTests.test_offline_report_retains_failed_and_repaired_candidates) ... ok
workflow	Run python3 -m unittest discover -s apps/openwarrant-web -v	2026-09-30T23:06:57.7585184Z test_unverified_report_without_jobs_remains_valid (test_verifier_reporting.VerificationReportTests.test_unverified_report_without_jobs_remains_valid) ... ok
workflow	Run python3 -m unittest discover -s apps/openwarrant-web -v	2026-09-30T23:06:57.8267534Z test_failed_check_skips_verifier_and_retains_observed_failure (test_verifier_run.VerifierRunTests.test_failed_check_skips_verifier_and_retains_observed_failure) ... ok
workflow	Run python3 -m unittest discover -s apps/openwarrant-web -v	2026-09-30T23:06:57.9608571Z test_real_check_and_verifier_pass_on_separate_exact_candidate (test_verifier_run.VerifierRunTests.test_real_check_and_verifier_pass_on_separate_exact_candidate) ... ok
workflow	Run python3 -m unittest discover -s apps/openwarrant-web -v	2026-09-30T23:06:58.4116850Z test_stale_verifier_result_and_timeout_stay_unknown (test_verifier_run.VerifierRunTests.test_stale_verifier_result_and_timeout_stay_unknown) ... ok
workflow	Run python3 -m unittest discover -s apps/openwarrant-web -v	2026-09-30T23:06:58.5461366Z test_verifier_mutation_cannot_return_pass (test_verifier_run.VerifierRunTests.test_verifier_mutation_cannot_return_pass) ... ok
workflow	Run python3 -m unittest discover -s apps/openwarrant-web -v	2026-09-30T23:06:59.4752591Z test_background_loop_completes_and_pause_survives_restart (test_verifier_scheduler.SchedulerTests.test_background_loop_completes_and_pause_survives_restart) ... ok
workflow	Run python3 -m unittest discover -s apps/openwarrant-web -v	2026-09-30T23:07:00.3131750Z test_http_loop_registration_pause_and_authentication (test_verifier_scheduler.SchedulerTests.test_http_loop_registration_pause_and_authentication) ... ok
workflow	Run python3 -m unittest discover -s apps/openwarrant-web -v	2026-09-30T23:07:00.6342043Z test_injected_configuration_refuses (test_verifier_scheduler.SchedulerTests.test_injected_configuration_refuses) ... ok
workflow	Run python3 -m unittest discover -s apps/openwarrant-web -v	2026-09-30T23:07:00.9622525Z test_registration_alone_does_not_dispatch_and_corrupt_history_refuses (test_verifier_scheduler.SchedulerTests.test_registration_alone_does_not_dispatch_and_corrupt_history_refuses) ... ok
workflow	Run python3 -m unittest discover -s apps/openwarrant-web -v	2026-09-30T23:07:01.4662888Z test_disabled_service_and_unknown_writer_refuse_without_preparation (test_verifier_service.VerifierServiceTests.test_disabled_service_and_unknown_writer_refuse_without_preparation) ... ok
workflow	Run python3 -m unittest discover -s apps/openwarrant-web -v	2026-09-30T23:07:02.0086345Z test_http_budget_refusal_precedes_claim_consumption (test_verifier_service.VerifierServiceTests.test_http_budget_refusal_precedes_claim_consumption) ... ok
workflow	Run python3 -m unittest discover -s apps/openwarrant-web -v	2026-09-30T23:07:02.5586934Z test_http_forged_receipt_refuses_before_consumption (test_verifier_service.VerifierServiceTests.test_http_forged_receipt_refuses_before_consumption) ... ok
workflow	Run python3 -m unittest discover -s apps/openwarrant-web -v	2026-09-30T23:07:03.0728534Z test_http_preparation_is_idempotent_and_restart_preserves_request (test_verifier_service.VerifierServiceTests.test_http_preparation_is_idempotent_and_restart_preserves_request) ... ok
workflow	Run python3 -m unittest discover -s apps/openwarrant-web -v	2026-09-30T23:07:03.5845369Z test_http_refuses_unlocked_authority_injection_and_changed_identity (test_verifier_service.VerifierServiceTests.test_http_refuses_unlocked_authority_injection_and_changed_identity) ... ok
workflow	Run python3 -m unittest discover -s apps/openwarrant-web -v	2026-09-30T23:07:04.2862082Z test_http_signed_dispatch_finishes_and_replay_cannot_launch_again (test_verifier_service.VerifierServiceTests.test_http_signed_dispatch_finishes_and_replay_cannot_launch_again) ... ok
workflow	Run python3 -m unittest discover -s apps/openwarrant-web -v	2026-09-30T23:07:04.8339113Z test_interrupted_consumed_job_blocks_new_dispatch (test_verifier_service.VerifierServiceTests.test_interrupted_consumed_job_blocks_new_dispatch) ... ok
workflow	Run python3 -m unittest discover -s apps/openwarrant-web -v	2026-09-30T23:07:04.8352542Z test_changed_source_policy_harness_and_worktree_refuse (test_verifier_snapshot.VerifierSnapshotTests.test_changed_source_policy_harness_and_worktree_refuse) ... ok
workflow	Run python3 -m unittest discover -s apps/openwarrant-web -v	2026-09-30T23:07:04.8360846Z test_config_symlink_and_unsupported_issuer_fields_refuse (test_verifier_snapshot.VerifierSnapshotTests.test_config_symlink_and_unsupported_issuer_fields_refuse) ... ok
workflow	Run python3 -m unittest discover -s apps/openwarrant-web -v	2026-09-30T23:07:04.8373544Z test_reads_fresh_configuration_and_returns_detached_state (test_verifier_snapshot.VerifierSnapshotTests.test_reads_fresh_configuration_and_returns_detached_state) ... ok
workflow	Run python3 -m unittest discover -s apps/openwarrant-web -v	2026-09-30T23:07:04.8382552Z test_running_unknown_and_missing_dependency_refuse (test_verifier_snapshot.VerifierSnapshotTests.test_running_unknown_and_missing_dependency_refuse) ... ok
workflow	Run python3 -m unittest discover -s apps/openwarrant-web -v	2026-09-30T23:07:04.8896461Z test_exact_candidate_has_separate_refs_and_no_performer_scratch (test_verifier_workspace.VerifierWorkspaceTests.test_exact_candidate_has_separate_refs_and_no_performer_scratch) ... ok
workflow	Run python3 -m unittest discover -s apps/openwarrant-web -v	2026-09-30T23:07:04.9058412Z test_existing_nested_or_symlink_destination_refuses_without_overwrite (test_verifier_workspace.VerifierWorkspaceTests.test_existing_nested_or_symlink_destination_refuses_without_overwrite) ... ok
workflow	Run python3 -m unittest discover -s apps/openwarrant-web -v	2026-09-30T23:07:04.9541348Z test_missing_candidate_and_mutation_cannot_pass (test_verifier_workspace.VerifierWorkspaceTests.test_missing_candidate_and_mutation_cannot_pass) ... ok
workflow	Run python3 -m unittest discover -s apps/openwarrant-web -v	2026-09-30T23:07:05.0471776Z test_access_and_authority_fields_refuse (test_workflow.WorkflowTests.test_access_and_authority_fields_refuse) ... ok
workflow	Run python3 -m unittest discover -s apps/openwarrant-web -v	2026-09-30T23:07:15.1339955Z test_board_is_authenticated_read_only_and_matches_cli (test_workflow.WorkflowTests.test_board_is_authenticated_read_only_and_matches_cli) ... FAIL
workflow	Run python3 -m unittest discover -s apps/openwarrant-web -v	2026-09-30T23:07:15.2470442Z test_concurrent_edits_have_one_winner (test_workflow.WorkflowTests.test_concurrent_edits_have_one_winner) ... ok
workflow	Run python3 -m unittest discover -s apps/openwarrant-web -v	2026-09-30T23:07:15.4683962Z test_corrupt_revision_and_second_writer_refuse (test_workflow.WorkflowTests.test_corrupt_revision_and_second_writer_refuse) ... ok
workflow	Run python3 -m unittest discover -s apps/openwarrant-web -v	2026-09-30T23:07:15.6524702Z test_create_sdk_source_and_restart (test_workflow.WorkflowTests.test_create_sdk_source_and_restart) ... ok
workflow	Run python3 -m unittest discover -s apps/openwarrant-web -v	2026-09-30T23:07:15.7511741Z test_duplicate_json_and_symlink_revision_refuse (test_workflow.WorkflowTests.test_duplicate_json_and_symlink_revision_refuse) ... ok
workflow	Run python3 -m unittest discover -s apps/openwarrant-web -v	2026-09-30T23:07:15.8495243Z test_field_only_corruption_refuses (test_workflow.WorkflowTests.test_field_only_corruption_refuses) ... ok
workflow	Run python3 -m unittest discover -s apps/openwarrant-web -v	2026-09-30T23:07:25.6803761Z test_project_inventory_keeps_legacy_and_work_separate (test_workflow.WorkflowTests.test_project_inventory_keeps_legacy_and_work_separate) ... ok
workflow	Run python3 -m unittest discover -s apps/openwarrant-web -v	2026-09-30T23:07:25.8764304Z test_revision_conflict_preserves_history (test_workflow.WorkflowTests.test_revision_conflict_preserves_history) ... ok
workflow	Run python3 -m unittest discover -s apps/openwarrant-web -v	2026-09-30T23:07:25.8765118Z 
workflow	Run python3 -m unittest discover -s apps/openwarrant-web -v	2026-09-30T23:07:25.8765328Z ======================================================================
workflow	Run python3 -m unittest discover -s apps/openwarrant-web -v	2026-09-30T23:07:25.8766411Z FAIL: test_board_is_authenticated_read_only_and_matches_cli (test_drafting.DraftingTests.test_board_is_authenticated_read_only_and_matches_cli)
workflow	Run python3 -m unittest discover -s apps/openwarrant-web -v	2026-09-30T23:07:25.8767484Z ----------------------------------------------------------------------
workflow	Run python3 -m unittest discover -s apps/openwarrant-web -v	2026-09-30T23:07:25.8768117Z Traceback (most recent call last):
workflow	Run python3 -m unittest discover -s apps/openwarrant-web -v	2026-09-30T23:07:25.8768861Z   File "/home/runner/work/OpenWarrant/OpenWarrant/apps/openwarrant-web/test_workflow.py", line 172, in test_board_is_authenticated_read_only_and_matches_cli
workflow	Run python3 -m unittest discover -s apps/openwarrant-web -v	2026-09-30T23:07:25.8769619Z     self.assertEqual(status, 200, result)
workflow	Run python3 -m unittest discover -s apps/openwarrant-web -v	2026-09-30T23:07:25.8770074Z AssertionError: 503 != 200 : {'error': 'SDK unavailable or timed out', 'qualified': False}
workflow	Run python3 -m unittest discover -s apps/openwarrant-web -v	2026-09-30T23:07:25.8770427Z 
workflow	Run python3 -m unittest discover -s apps/openwarrant-web -v	2026-09-30T23:07:25.8770557Z ======================================================================
workflow	Run python3 -m unittest discover -s apps/openwarrant-web -v	2026-09-30T23:07:25.8771573Z FAIL: test_board_is_authenticated_read_only_and_matches_cli (test_workflow.WorkflowTests.test_board_is_authenticated_read_only_and_matches_cli)
workflow	Run python3 -m unittest discover -s apps/openwarrant-web -v	2026-09-30T23:07:25.8772320Z ----------------------------------------------------------------------
workflow	Run python3 -m unittest discover -s apps/openwarrant-web -v	2026-09-30T23:07:25.8772703Z Traceback (most recent call last):
workflow	Run python3 -m unittest discover -s apps/openwarrant-web -v	2026-09-30T23:07:25.8773410Z   File "/home/runner/work/OpenWarrant/OpenWarrant/apps/openwarrant-web/test_workflow.py", line 172, in test_board_is_authenticated_read_only_and_matches_cli
workflow	Run python3 -m unittest discover -s apps/openwarrant-web -v	2026-09-30T23:07:25.8774140Z     self.assertEqual(status, 200, result)
workflow	Run python3 -m unittest discover -s apps/openwarrant-web -v	2026-09-30T23:07:25.8774582Z AssertionError: 503 != 200 : {'error': 'SDK unavailable or timed out', 'qualified': False}
workflow	Run python3 -m unittest discover -s apps/openwarrant-web -v	2026-09-30T23:07:25.8774933Z 
workflow	Run python3 -m unittest discover -s apps/openwarrant-web -v	2026-09-30T23:07:25.8775057Z ======================================================================
workflow	Run python3 -m unittest discover -s apps/openwarrant-web -v	2026-09-30T23:07:25.8775758Z FAIL: test_board_is_authenticated_read_only_and_matches_cli (test_workflow.WorkflowTests.test_board_is_authenticated_read_only_and_matches_cli)
workflow	Run python3 -m unittest discover -s apps/openwarrant-web -v	2026-09-30T23:07:25.8776477Z ----------------------------------------------------------------------
workflow	Run python3 -m unittest discover -s apps/openwarrant-web -v	2026-09-30T23:07:25.8776835Z Traceback (most recent call last):
workflow	Run python3 -m unittest discover -s apps/openwarrant-web -v	2026-09-30T23:07:25.8777524Z   File "/home/runner/work/OpenWarrant/OpenWarrant/apps/openwarrant-web/test_workflow.py", line 172, in test_board_is_authenticated_read_only_and_matches_cli
workflow	Run python3 -m unittest discover -s apps/openwarrant-web -v	2026-09-30T23:07:25.8778246Z     self.assertEqual(status, 200, result)
workflow	Run python3 -m unittest discover -s apps/openwarrant-web -v	2026-09-30T23:07:25.8778962Z AssertionError: 503 != 200 : {'error': 'SDK unavailable or timed out', 'qualified': False}
workflow	Run python3 -m unittest discover -s apps/openwarrant-web -v	2026-09-30T23:07:25.8779315Z 
workflow	Run python3 -m unittest discover -s apps/openwarrant-web -v	2026-09-30T23:07:25.8779442Z ======================================================================
workflow	Run python3 -m unittest discover -s apps/openwarrant-web -v	2026-09-30T23:07:25.8780137Z FAIL: test_board_is_authenticated_read_only_and_matches_cli (test_workflow.WorkflowTests.test_board_is_authenticated_read_only_and_matches_cli)
workflow	Run python3 -m unittest discover -s apps/openwarrant-web -v	2026-09-30T23:07:25.8781002Z ----------------------------------------------------------------------
workflow	Run python3 -m unittest discover -s apps/openwarrant-web -v	2026-09-30T23:07:25.8781363Z Traceback (most recent call last):
workflow	Run python3 -m unittest discover -s apps/openwarrant-web -v	2026-09-30T23:07:25.8782047Z   File "/home/runner/work/OpenWarrant/OpenWarrant/apps/openwarrant-web/test_workflow.py", line 172, in test_board_is_authenticated_read_only_and_matches_cli
workflow	Run python3 -m unittest discover -s apps/openwarrant-web -v	2026-09-30T23:07:25.8782942Z     self.assertEqual(status, 200, result)
workflow	Run python3 -m unittest discover -s apps/openwarrant-web -v	2026-09-30T23:07:25.8783374Z AssertionError: 503 != 200 : {'error': 'SDK unavailable or timed out', 'qualified': False}
workflow	Run python3 -m unittest discover -s apps/openwarrant-web -v	2026-09-30T23:07:25.8783703Z 
workflow	Run python3 -m unittest discover -s apps/openwarrant-web -v	2026-09-30T23:07:25.8783858Z ----------------------------------------------------------------------
workflow	Run python3 -m unittest discover -s apps/openwarrant-web -v	2026-09-30T23:07:25.8784194Z Ran 212 tests in 151.256s
workflow	Run python3 -m unittest discover -s apps/openwarrant-web -v	2026-09-30T23:07:25.8784351Z 
workflow	Run python3 -m unittest discover -s apps/openwarrant-web -v	2026-09-30T23:07:25.8784441Z FAILED (failures=4)
workflow	Run python3 -m unittest discover -s apps/openwarrant-web -v	2026-09-30T23:07:25.8946849Z ##[error]Process completed with exit code 1.
