    Checking serde_core v1.0.229
    Checking memchr v2.8.3
    Checking indexmap v2.14.0
    Checking libc v0.2.189
    Checking thiserror v2.0.20
    Checking getrandom v0.4.3
    Checking serde v1.0.229
    Checking serde_json v1.0.151
    Checking serde_spanned v1.1.1
    Checking toml_datetime v1.1.1+spec-1.1.0
    Checking uuid v1.25.0
    Checking toml v1.1.4+spec-1.1.0
    Checking toml_datetime v0.6.11
    Checking serde_spanned v0.6.9
    Checking toml_edit v0.22.27
    Checking serde_jcs v0.2.0
    Checking toml v0.8.23
    Checking openwarrant-core v1.0.0 (/mnt/4tb/tmp/ow-export-preservation/crates/openwarrant-core)
    Checking openwarrant-compiler v1.0.0 (/mnt/4tb/tmp/ow-export-preservation/crates/openwarrant-compiler)
    Finished `dev` profile [unoptimized + debuginfo] target(s) in 7.78s
