   Compiling cfg-if v1.0.4
   Compiling foldhash v0.2.0
   Compiling equivalent v1.0.2
   Compiling allocator-api2 v0.2.21
   Compiling memchr v2.8.3
   Compiling log v0.4.34
   Compiling pin-project-lite v0.2.17
   Compiling typenum v1.20.1
   Compiling bitflags v2.13.2
   Compiling futures-sink v0.3.34
   Compiling futures-core v0.3.34
   Compiling either v1.18.0
   Compiling bytes v1.12.1
   Compiling once_cell v1.21.4
   Compiling ryu v1.0.23
   Compiling unicode-width v0.2.0
   Compiling libc v0.2.189
   Compiling serde_core v1.0.229
   Compiling static_assertions v1.1.0
   Compiling zeroize v1.9.0
   Compiling smallvec v1.15.2
   Compiling scopeguard v1.2.0
   Compiling utf8parse v0.2.2
   Compiling castaway v0.2.4
   Compiling winnow v0.7.15
   Compiling linux-raw-sys v0.12.1
   Compiling thiserror v2.0.21
   Compiling strum v0.28.0
   Compiling winnow v1.0.4
   Compiling futures-io v0.3.34
   Compiling futures-task v0.3.34
   Compiling const-oid v0.10.2
   Compiling slab v0.4.12
   Compiling untrusted v0.9.0
   Compiling futures-channel v0.3.34
   Compiling derive_more v2.1.1
   Compiling lock_api v0.4.14
   Compiling num-traits v0.2.19
   Compiling cpufeatures v0.3.0
   Compiling anstyle-query v1.1.5
   Compiling anstyle-parse v1.0.0
   Compiling toml_writer v1.1.2+spec-1.1.0
   Compiling ryu-js v0.2.2
   Compiling is_terminal_polyfill v1.70.2
   Compiling colorchoice v1.0.5
   Compiling anstyle v1.0.14
   Compiling ref-cast v1.0.27
   Compiling line-clipping v0.3.8
   Compiling httparse v1.10.1
   Compiling itertools v0.14.0
   Compiling subtle v2.6.1
   Compiling tracing-core v0.1.36
   Compiling clap_lex v1.1.0
   Compiling base64 v0.23.1
   Compiling dyn-clone v1.0.20
   Compiling compact_str v0.9.1
   Compiling percent-encoding v2.3.2
   Compiling utf8-zero v0.8.1
   Compiling openwarrant-cli v1.0.0-alpha.2 (/mnt/4tb/tmp/ow-blut-process-verifier/crates/openwarrant-cli)
   Compiling camino v1.2.6
   Compiling qrcodegen v1.8.0
   Compiling rustls-pki-types v1.15.1
   Compiling anstream v1.0.0
   Compiling toml_parser v1.1.3+spec-1.1.0
   Compiling hashbrown v0.17.1
   Compiling hashbrown v0.16.1
   Compiling rustix v1.1.5
   Compiling tokio v1.53.1
   Compiling http v1.5.0
   Compiling clap_builder v4.6.7
   Compiling futures-util v0.3.34
   Compiling webpki-roots v1.0.9
   Compiling tracing v0.1.44
   Compiling kasuari v0.4.12
   Compiling lru v0.18.5
   Compiling ureq-proto v0.6.4
   Compiling unicode-truncate v2.0.1
   Compiling hybrid-array v0.4.14
   Compiling ratatui-core v0.1.2
   Compiling serde v1.0.229
   Compiling indexmap v2.14.0
   Compiling toml_datetime v1.1.1+spec-1.1.0
   Compiling serde_spanned v1.1.1
   Compiling errno v0.3.14
   Compiling getrandom v0.4.3
   Compiling mio v1.2.3
   Compiling getrandom v0.2.17
   Compiling parking_lot_core v0.9.12
   Compiling crypto-common v0.2.2
   Compiling block-buffer v0.12.1
   Compiling ratatui-widgets v0.3.2
   Compiling toml v1.1.6+spec-1.1.0
   Compiling clap v4.6.7
   Compiling tokio-util v0.7.19
   Compiling futures-executor v0.3.34
   Compiling ring v0.17.14
   Compiling uuid v1.26.1
   Compiling signal-hook-registry v1.4.8
   Compiling serde_spanned v0.6.9
   Compiling toml_datetime v0.6.11
   Compiling parking_lot v0.12.5
   Compiling chrono v0.4.45
   Compiling serde_json v1.0.151
   Compiling signal-hook v0.3.18
   Compiling digest v0.11.3
   Compiling futures v0.3.34
   Compiling signal-hook v0.4.4
   Compiling toml_edit v0.22.27
   Compiling signal-hook-mio v0.2.5
   Compiling serde_jcs v0.2.0
   Compiling rustls-webpki v0.103.15
   Compiling schemars v1.2.2
   Compiling sha2 v0.11.0
   Compiling crossterm v0.29.0
   Compiling rustls v0.23.45
   Compiling rmcp v3.5.0
   Compiling ratatui-crossterm v0.1.2
   Compiling toml v0.8.23
   Compiling ratatui v0.30.2
   Compiling openwarrant-core v1.0.0 (/mnt/4tb/tmp/ow-blut-process-verifier/crates/openwarrant-core)
   Compiling ureq v3.4.2
   Compiling openwarrant-compiler v1.0.0 (/mnt/4tb/tmp/ow-blut-process-verifier/crates/openwarrant-compiler)
    Finished `test` profile [unoptimized + debuginfo] target(s) in 8m 12s
     Running tests/runtime_capture.rs (/mnt/4tb/OpenWarrant/target/debug/deps/runtime_capture-41d4745cf65d13b4)

running 1 test
test blut_process_unavailable_evidence_stays_unknown_for_a_recorded_dispatch ... ok

test result: ok. 1 passed; 0 failed; 0 ignored; 0 measured; 11 filtered out; finished in 1.43s

