   Compiling proc-macro2 v1.0.107
   Compiling serde_core v1.0.229
   Compiling quote v1.0.47
   Compiling unicode-ident v1.0.24
   Compiling serde v1.0.229
   Compiling typenum v1.20.1
   Compiling equivalent v1.0.2
   Compiling hashbrown v0.17.1
   Compiling libc v0.2.189
   Compiling zmij v1.0.23
   Compiling getrandom v0.4.3
   Compiling cfg-if v1.0.4
   Compiling serde_json v1.0.151
   Compiling itoa v1.0.18
   Compiling winnow v0.7.15
   Compiling thiserror v2.0.21
   Compiling memchr v2.8.3
   Compiling const-oid v0.10.2
   Compiling winnow v1.0.4
   Compiling cpufeatures v0.3.0
   Compiling ryu-js v0.2.2
   Compiling toml_writer v1.1.2+spec-1.1.0
   Compiling toml_parser v1.1.3+spec-1.1.0
   Compiling syn v3.0.3
   Compiling indexmap v2.14.0
   Compiling hybrid-array v0.4.14
   Compiling block-buffer v0.12.1
   Compiling crypto-common v0.2.2
   Compiling toml_datetime v1.1.1+spec-1.1.0
   Compiling serde_spanned v1.1.1
   Compiling uuid v1.26.1
   Compiling toml v1.1.6+spec-1.1.0
   Compiling digest v0.11.3
   Compiling serde_derive v1.0.229
   Compiling thiserror-impl v2.0.21
   Compiling sha2 v0.11.0
   Compiling serde_spanned v0.6.9
   Compiling toml_datetime v0.6.11
   Compiling serde_jcs v0.2.0
   Compiling toml_edit v0.22.27
   Compiling toml v0.8.23
   Compiling openwarrant-core v1.0.0 (/mnt/4tb/tmp/ow-phase1-delivery-wave/crates/openwarrant-core)
    Finished `dev` profile [unoptimized + debuginfo] target(s) in 2m 36s
     Running `/mnt/2tb/ow-phase1-delivery-target/debug/examples/sdk_probe --scope 75 --fixtures conformance/sdk`
PASS T01-minimal-rc3
PASS T01-legacy-explicit
PASS T02-duplicate-key
PASS T03-fenced-markers
PASS T04-duplicate-unit
PASS T05-crlf-unicode
PASS T06-invalid-utf8
PASS T07-missing-outcome
PASS T08-unknown-optional
PASS T08-unknown-required
PASS T09-adr
PASS T09-sas
PASS T10-unresolved-required
PASS FOOTER01-wrapped
PASS FOOTER02-compact
PASS FOOTER04-malformed
PASS FOOTER05-trailing
PASS FOOTER06-title
PASS FOOTER07-schema
PASS T09-context-binding
PASS T09-context-background-refusal
PASS T06-combined-depth-refusal
22 document cases passed; context/readiness not evaluated
