    Checking cfg-if v1.0.4
    Checking equivalent v1.0.2
    Checking hashbrown v0.17.1
    Checking memchr v2.8.3
    Checking itoa v1.0.18
    Checking pin-project-lite v0.2.17
    Checking typenum v1.20.1
    Checking futures-sink v0.3.34
    Checking futures-core v0.3.34
    Checking bytes v1.12.1
    Checking serde_core v1.0.229
    Checking libc v0.2.189
    Checking zmij v1.0.23
    Checking zeroize v1.9.0
    Checking once_cell v1.21.4
   Compiling strsim v0.11.1
    Checking utf8parse v0.2.2
    Checking const-oid v0.10.2
    Checking winnow v0.7.15
    Checking futures-io v0.3.34
    Checking winnow v1.0.4
    Checking futures-task v0.3.34
    Checking slab v0.4.12
    Checking untrusted v0.9.0
    Checking num-traits v0.2.19
    Checking futures-channel v0.3.34
    Checking anstyle-parse v1.0.0
   Compiling darling_core v0.24.1
    Checking thiserror v2.0.20
    Checking rustls-pki-types v1.15.1
    Checking colorchoice v1.0.5
    Checking ryu-js v0.2.2
    Checking anstyle-query v1.1.5
    Checking is_terminal_polyfill v1.70.2
    Checking anstyle v1.0.14
    Checking toml_writer v1.1.2+spec-1.1.0
    Checking futures-util v0.3.34
    Checking toml_parser v1.1.3+spec-1.1.0
    Checking cpufeatures v0.3.0
    Checking log v0.4.34
    Checking http v1.5.0
    Checking tokio v1.53.1
    Checking hybrid-array v0.4.14
    Checking ref-cast v1.0.27
    Checking tracing-core v0.1.36
    Checking httparse v1.10.1
    Checking subtle v2.6.1
    Checking getrandom v0.4.3
    Checking getrandom v0.2.17
   Compiling darling_macro v0.24.1
    Checking dyn-clone v1.0.20
    Checking anstream v1.0.0
    Checking base64 v0.23.1
   Compiling serde_json v1.0.151
    Checking clap_lex v1.1.0
    Checking webpki-roots v1.0.9
    Checking percent-encoding v2.3.2
    Checking bitflags v2.13.2
    Checking utf8-zero v0.8.1
    Checking linux-raw-sys v0.12.1
    Checking camino v1.2.5
    Checking tracing v0.1.44
    Checking ring v0.17.14
    Checking crypto-common v0.2.2
    Checking block-buffer v0.12.1
    Checking clap_builder v4.6.6
    Checking ureq-proto v0.6.1
    Checking rustix v1.1.4
    Checking digest v0.11.3
   Compiling darling v0.24.1
    Checking sha2 v0.11.0
    Checking rustls-webpki v0.103.15
    Checking futures-executor v0.3.34
    Checking futures v0.3.34
    Checking clap v4.6.6
    Checking rustls v0.23.43
    Checking tokio-util v0.7.19
   Compiling rmcp-macros v3.3.0
    Checking serde v1.0.229
    Checking indexmap v2.14.0
    Checking toml_datetime v1.1.1+spec-1.1.0
    Checking serde_spanned v1.1.1
    Checking uuid v1.25.0
    Checking toml v1.1.4+spec-1.1.0
    Checking serde_spanned v0.6.9
    Checking toml_datetime v0.6.11
    Checking chrono v0.4.45
    Checking toml_edit v0.22.27
    Checking serde_jcs v0.2.0
    Checking schemars v1.2.2
    Checking ureq v3.4.0
    Checking toml v0.8.23
    Checking rmcp v3.3.0
    Checking openwarrant-core v1.0.0 (/mnt/4tb/tmp/ow-question-integrity/crates/openwarrant-core)
    Checking openwarrant-compiler v1.0.0 (/mnt/4tb/tmp/ow-question-integrity/crates/openwarrant-compiler)
    Checking openwarrant-cli v1.0.0 (/mnt/4tb/tmp/ow-question-integrity/crates/openwarrant-cli)
    Finished `dev` profile [unoptimized + debuginfo] target(s) in 12.73s
