   Compiling proc-macro2 v1.0.107
   Compiling unicode-ident v1.0.24
   Compiling quote v1.0.47
   Compiling serde_core v1.0.229
   Compiling libc v0.2.189
   Compiling serde v1.0.229
   Compiling zmij v1.0.23
   Compiling cfg-if v1.0.4
   Compiling itoa v1.0.18
   Compiling equivalent v1.0.2
   Compiling memchr v2.8.3
   Compiling hashbrown v0.17.1
   Compiling find-msvc-tools v0.1.11
   Compiling shlex v2.0.1
   Compiling serde_json v1.0.151
   Compiling pin-project-lite v0.2.17
   Compiling typenum v1.20.1
   Compiling strsim v0.11.1
   Compiling futures-sink v0.3.34
   Compiling getrandom v0.4.3
   Compiling bytes v1.12.1
   Compiling futures-core v0.3.34
   Compiling autocfg v1.5.1
   Compiling zeroize v1.9.0
   Compiling once_cell v1.21.4
   Compiling ident_case v1.0.1
   Compiling cc v1.4.4
   Compiling thiserror v2.0.20
   Compiling futures-channel v0.3.34
   Compiling winnow v0.7.15
   Compiling num-traits v0.2.19
   Compiling slab v0.4.12
   Compiling untrusted v0.9.0
   Compiling rustls-pki-types v1.15.1
   Compiling utf8parse v0.2.2
   Compiling futures-task v0.3.34
   Compiling ref-cast v1.0.27
   Compiling futures-io v0.3.34
   Compiling winnow v1.0.4
   Compiling httparse v1.10.1
   Compiling const-oid v0.10.2
   Compiling anstyle-parse v1.0.0
   Compiling ring v0.17.14
   Compiling cpufeatures v0.3.0
   Compiling colorchoice v1.0.5
   Compiling is_terminal_polyfill v1.70.2
   Compiling anstyle v1.0.14
   Compiling log v0.4.34
   Compiling anstyle-query v1.1.5
   Compiling rustls v0.23.43
   Compiling ryu-js v0.2.2
   Compiling toml_parser v1.1.3+spec-1.1.0
   Compiling toml_writer v1.1.2+spec-1.1.0
   Compiling http v1.5.0
   Compiling hybrid-array v0.4.14
   Compiling tracing-core v0.1.36
   Compiling base64 v0.23.1
   Compiling anstream v1.0.0
   Compiling dyn-clone v1.0.20
   Compiling rustix v1.1.4
   Compiling subtle v2.6.1
   Compiling clap_lex v1.1.0
   Compiling rmcp v3.3.0
   Compiling heck v0.5.0
   Compiling camino v1.2.5
   Compiling webpki-roots v1.0.9
   Compiling crypto-common v0.2.2
   Compiling block-buffer v0.12.1
   Compiling linux-raw-sys v0.12.1
   Compiling pastey v0.2.3
   Compiling bitflags v2.13.2
   Compiling percent-encoding v2.3.2
   Compiling clap_builder v4.6.6
   Compiling utf8-zero v0.8.1
   Compiling ureq-proto v0.6.1
   Compiling digest v0.11.3
   Compiling getrandom v0.2.17
   Compiling sha2 v0.11.0
   Compiling syn v3.0.3
   Compiling syn v2.0.119
   Compiling tracing-attributes v0.1.31
   Compiling darling_core v0.24.1
   Compiling serde_derive_internals v0.30.0
   Compiling serde_derive v1.0.229
   Compiling futures-macro v0.3.34
   Compiling thiserror-impl v2.0.20
   Compiling tokio-macros v2.7.2
   Compiling ref-cast-impl v1.0.27
   Compiling clap_derive v4.6.4
   Compiling rustls-webpki v0.103.15
   Compiling schemars_derive v1.2.2
   Compiling darling_macro v0.24.1
   Compiling tokio v1.53.1
   Compiling futures-util v0.3.34
   Compiling darling v0.24.1
   Compiling tracing v0.1.44
   Compiling futures-executor v0.3.34
   Compiling clap v4.6.6
   Compiling tokio-util v0.7.19
   Compiling futures v0.3.34
   Compiling indexmap v2.14.0
   Compiling serde_spanned v1.1.1
   Compiling uuid v1.25.0
   Compiling toml_datetime v1.1.1+spec-1.1.0
   Compiling toml v1.1.4+spec-1.1.0
   Compiling serde_spanned v0.6.9
   Compiling toml_datetime v0.6.11
   Compiling chrono v0.4.45
   Compiling toml_edit v0.22.27
   Compiling rmcp-macros v3.3.0
   Compiling serde_jcs v0.2.0
   Compiling ureq v3.4.0
   Compiling schemars v1.2.2
   Compiling toml v0.8.23
   Compiling openwarrant-core v1.0.0 (/mnt/4tb/tmp/ow-question-integrity/crates/openwarrant-core)
   Compiling openwarrant-compiler v1.0.0 (/mnt/4tb/tmp/ow-question-integrity/crates/openwarrant-compiler)
   Compiling openwarrant-cli v1.0.0 (/mnt/4tb/tmp/ow-question-integrity/crates/openwarrant-cli)
    Finished `test` profile [unoptimized + debuginfo] target(s) in 19.47s
     Running tests/question_integrity_cli.rs (target/debug/deps/question_integrity_cli-d7d691cff10d0b41)

running 1 test
test damaged_question_store_is_never_an_empty_success ... FAILED

failures:

---- damaged_question_store_is_never_an_empty_success stdout ----

thread 'damaged_question_store_is_never_an_empty_success' (2926477) panicked at crates/openwarrant-cli/tests/question_integrity_cli.rs:32:9:
["questions", "IX-WAR-0002"] silently succeeded: {
  "schema": "oh.war/report/v1",
  "command": "questions",
  "diagnostics": [],
  "notes": [
    "0 open (0 blocking), 0 answered"
  ],
  "counts": {
    "pass": 0,
    "warn": 0,
    "unknown": 0,
    "error": 0,
    "worst": "pass"
  },
  "verdict": "well_formed",
  "verdict_line": "WELL-FORMED (record only — Preflight is not implemented, and `war check` does not run gates)",
  "exit_code": 0,
  "result": {
    "schema": "oh.war/questions/v1",
    "questions": [],
    "open": 0,
    "blocking_open": 0,
    "answered": 0
  }
}

note: run with `RUST_BACKTRACE=1` environment variable to display a backtrace


failures:
    damaged_question_store_is_never_an_empty_success

test result: FAILED. 0 passed; 1 failed; 0 ignored; 0 measured; 0 filtered out; finished in 0.01s

error: test failed, to rerun pass `-p openwarrant-cli --test question_integrity_cli`
