    Finished `test` profile [unoptimized + debuginfo] target(s) in 0.07s
     Running unittests src/main.rs (target/debug/deps/war-14f43004b959ff8b)

running 1 test
test sdk::wire::tests::bounded_writer_refuses_before_crossing_limit ... ok

test result: ok. 1 passed; 0 failed; 0 ignored; 0 measured; 151 filtered out; finished in 0.00s

     Running tests/json_envelope.rs (target/debug/deps/json_envelope-0ed3753266413413)

running 0 tests

test result: ok. 0 passed; 0 failed; 0 ignored; 0 measured; 6 filtered out; finished in 0.00s

     Running tests/mcp_stdio.rs (target/debug/deps/mcp_stdio-0bf3877e6d6e0e38)

running 0 tests

test result: ok. 0 passed; 0 failed; 0 ignored; 0 measured; 6 filtered out; finished in 0.00s

     Running tests/overview.rs (target/debug/deps/overview-6c914714e915e755)

running 0 tests

test result: ok. 0 passed; 0 failed; 0 ignored; 0 measured; 2 filtered out; finished in 0.00s

     Running tests/progress_viewer.rs (target/debug/deps/progress_viewer-fd0017e3681766bb)

running 0 tests

test result: ok. 0 passed; 0 failed; 0 ignored; 0 measured; 4 filtered out; finished in 0.00s

     Running tests/sdk_cli.rs (target/debug/deps/sdk_cli-abea5405e3d72540)

running 0 tests

test result: ok. 0 passed; 0 failed; 0 ignored; 0 measured; 10 filtered out; finished in 0.00s

