   Compiling openwarrant-cli v1.0.0-alpha.2 (/mnt/4tb/tmp/ow-collector-ssh-verifier/crates/openwarrant-cli)
    Finished `test` profile [unoptimized] target(s) in 38.68s
     Running tests/runtime_capture.rs (/mnt/4tb/OpenWarrant/target/debug/deps/runtime_capture-51800d3bb0e34bd9)

running 19 tests
test actual_blut_cpu_receipt_roundtrips_through_capture_and_current_resolution ... ignored, requires separately built BLUT fixture producer and native verifier
test actual_katana_turn_roundtrips_through_capture_and_current_resolution ... ignored, requires separately built Katana local fixture producer and native verifier
test blut_process_unavailable_evidence_stays_unknown_for_a_recorded_dispatch ... ok
test blut_verifier_does_not_inherit_the_callers_environment ... ok
test unsupported_capture_version_remains_unknown_without_publication ... ok
test katana_process_preserves_unavailable_and_refuses_contradictory_responses ... ok
test resolution_names_missing_current_runtime_receipts_as_unknown ... ok
test unknown_versions_and_stale_sources_do_not_invoke_provider_policy ... ok
test missing_compile_event_wrong_provider_and_duplicate_json_members_do_not_write ... ok
test unverified_capture_is_replayable_and_survives_loss_of_original_inputs ... ok
test wrong_recorded_binding_stale_current_basis_and_corrupt_capture_do_not_publish ... ok
test later_recorded_attempt_prevents_fallback_to_historical_capture ... ok
test current_selection_is_read_only_and_missing_native_support_stays_unknown ... ok
test katana_process_checks_native_mapping_without_inventing_cost_or_authority ... ok
test traversal_symlink_and_oversized_inputs_leave_retained_bytes_intact ... ok
test blut_process_maps_native_facts_without_awarding_assurance_or_relabeling_hashes ... ok
test sdk_uses_native_verifier_and_refuses_wrong_receipt_before_any_write ... ok
test archive_reconnects_capture_sources_offline_without_trusting_native_verdicts ... ok
test blut_process_refuses_bad_responses_and_bounds_nonresponsive_providers ... ok

test result: ok. 17 passed; 0 failed; 2 ignored; 0 measured; 0 filtered out; finished in 1.22s

