    Checking cfg-if v1.0.4
    Checking memchr v2.8.3
    Checking itoa v1.0.18
    Checking hashbrown v0.17.1
    Checking equivalent v1.0.2
    Checking pin-project-lite v0.2.17
    Checking typenum v1.20.1
    Checking dyn-clone v1.0.20
    Checking serde_core v1.0.229
    Checking libc v0.2.189
    Checking zmij v1.0.23
    Checking futures-sink v0.3.34
    Checking bytes v1.12.1
    Checking futures-core v0.3.34
    Checking zeroize v1.9.0
    Checking num-traits v0.2.19
    Checking once_cell v1.21.4
    Checking ref-cast v1.0.27
    Checking thiserror v2.0.20
   Compiling strsim v0.11.1
    Checking const-oid v0.10.2
    Checking ryu-js v0.2.2
    Checking slab v0.4.12
    Checking utf8parse v0.2.2
    Checking futures-io v0.3.34
    Checking untrusted v0.9.0
    Checking futures-task v0.3.34
   Compiling darling_core v0.24.1
    Checking anstyle v1.0.14
    Checking futures-channel v0.3.34
    Checking cpufeatures v0.3.0
    Checking colorchoice v1.0.5
    Checking is_terminal_polyfill v1.70.2
    Checking log v0.4.34
    Checking anstyle-parse v1.0.0
    Checking anstyle-query v1.1.5
    Checking rustls-pki-types v1.15.1
    Checking http v1.5.0
    Checking tokio v1.53.1
    Checking httparse v1.10.1
    Checking tracing-core v0.1.36
    Checking clap_lex v1.1.0
    Checking winnow v1.0.4
    Checking hybrid-array v0.4.14
    Checking subtle v2.6.1
    Checking base64 v0.23.1
    Checking anstream v1.0.0
    Checking bitflags v2.13.2
    Checking toml_writer v1.1.2+spec-1.1.0
    Checking tracing v0.1.44
    Checking toml_parser v1.1.3+spec-1.1.0
    Checking block-buffer v0.12.1
    Checking crypto-common v0.2.2
    Checking utf8-zero v0.8.1
    Checking linux-raw-sys v0.12.1
    Checking futures-util v0.3.34
   Compiling serde_json v1.0.151
    Checking percent-encoding v2.3.2
    Checking camino v1.2.5
    Checking clap_builder v4.6.6
    Checking xtask v1.0.0 (/mnt/4tb/tmp/ow-war-0074-source-set/xtask)
    Checking digest v0.11.3
    Checking rustix v1.1.4
    Checking webpki-roots v1.0.9
    Checking sha2 v0.11.0
    Checking ureq-proto v0.6.1
    Checking getrandom v0.4.3
    Checking getrandom v0.2.17
    Checking ring v0.17.14
    Checking rustls-webpki v0.103.15
    Checking serde v1.0.229
    Checking indexmap v2.14.0
    Checking uuid v1.25.0
    Checking toml_datetime v1.1.1+spec-1.1.0
    Checking serde_spanned v1.1.1
    Checking toml v1.1.4+spec-1.1.0
    Checking rustls v0.23.43
   Compiling darling_macro v0.24.1
    Checking clap v4.6.6
   Compiling darling v0.24.1
    Checking chrono v0.4.45
    Checking openwarrant-agent v1.0.0 (/mnt/4tb/tmp/ow-war-0074-source-set/crates/openwarrant-agent)
   Compiling rmcp-macros v3.3.0
    Checking futures-executor v0.3.34
    Checking futures v0.3.34
    Checking tokio-util v0.7.19
    Checking schemars v1.2.2
    Checking serde_jcs v0.2.0
    Checking openwarrant-core v1.0.0 (/mnt/4tb/tmp/ow-war-0074-source-set/crates/openwarrant-core)
    Checking rmcp v3.3.0
    Checking ureq v3.4.0
    Checking openwarrant-compiler v1.0.0 (/mnt/4tb/tmp/ow-war-0074-source-set/crates/openwarrant-compiler)
error: items after a test module
   --> crates/openwarrant-core/src/identity.rs:207:1
    |
207 | mod tests {
    | ^^^^^^^^^
...
304 | impl schemars::JsonSchema for WarUuid {
    | ^^^^^^^^^^^^^^^^^^^^^^^^^^^^^^^^^^^^^
    |
    = help: for further information visit https://rust-lang.github.io/rust-clippy/rust-1.97.0/index.html#items_after_test_module
    = note: `-D clippy::items-after-test-module` implied by `-D warnings`
    = help: to override `-D warnings` add `#[allow(clippy::items_after_test_module)]`
    = help: move the items to before the test module was defined

    Checking openwarrant-cli v1.0.0 (/mnt/4tb/tmp/ow-war-0074-source-set/crates/openwarrant-cli)
error: could not compile `openwarrant-core` (lib test) due to 1 previous error
warning: build failed, waiting for other jobs to finish...
